14:54:19 **** Build of project standalone_bsp_0 ****
make -k all 
"Running Make include in ps7_cortexa9_0/libsrc/cpu_cortexa9_v2_0/src"
make -C ps7_cortexa9_0/libsrc/cpu_cortexa9_v2_0/src -s include  "SHELL=CMD" "COMPILER=arm-xilinx-eabi-gcc" "ARCHIVER=arm-xilinx-eabi-ar" "COMPILER_FLAGS=  -O2 -c" "EXTRA_COMPILER_FLAGS=-g"
"Running Make include in ps7_cortexa9_0/libsrc/devcfg_v3_1/src"
make -C ps7_cortexa9_0/libsrc/devcfg_v3_1/src -s include  "SHELL=CMD" "COMPILER=arm-xilinx-eabi-gcc" "ARCHIVER=arm-xilinx-eabi-ar" "COMPILER_FLAGS=  -O2 -c" "EXTRA_COMPILER_FLAGS=-g"
"Running Make include in ps7_cortexa9_0/libsrc/dmaps_v2_0/src"
make -C ps7_cortexa9_0/libsrc/dmaps_v2_0/src -s include  "SHELL=CMD" "COMPILER=arm-xilinx-eabi-gcc" "ARCHIVER=arm-xilinx-eabi-ar" "COMPILER_FLAGS=  -O2 -c" "EXTRA_COMPILER_FLAGS=-g"
"Running Make include in ps7_cortexa9_0/libsrc/gpio_v4_0/src"
make -C ps7_cortexa9_0/libsrc/gpio_v4_0/src -s include  "SHELL=CMD" "COMPILER=arm-xilinx-eabi-gcc" "ARCHIVER=arm-xilinx-eabi-ar" "COMPILER_FLAGS=  -O2 -c" "EXTRA_COMPILER_FLAGS=-g"
"Running Make include in ps7_cortexa9_0/libsrc/scugic_v2_1/src"
make -C ps7_cortexa9_0/libsrc/scugic_v2_1/src -s include  "SHELL=CMD" "COMPILER=arm-xilinx-eabi-gcc" "ARCHIVER=arm-xilinx-eabi-ar" "COMPILER_FLAGS=  -O2 -c" "EXTRA_COMPILER_FLAGS=-g"
"Running Make include in ps7_cortexa9_0/libsrc/scutimer_v2_0/src"
make -C ps7_cortexa9_0/libsrc/scutimer_v2_0/src -s include  "SHELL=CMD" "COMPILER=arm-xilinx-eabi-gcc" "ARCHIVER=arm-xilinx-eabi-ar" "COMPILER_FLAGS=  -O2 -c" "EXTRA_COMPILER_FLAGS=-g"
"Running Make include in ps7_cortexa9_0/libsrc/scuwdt_v2_0/src"
make -C ps7_cortexa9_0/libsrc/scuwdt_v2_0/src -s include  "SHELL=CMD" "COMPILER=arm-xilinx-eabi-gcc" "ARCHIVER=arm-xilinx-eabi-ar" "COMPILER_FLAGS=  -O2 -c" "EXTRA_COMPILER_FLAGS=-g"
"Running Make include in ps7_cortexa9_0/libsrc/standalone_v4_1/src"
make -C ps7_cortexa9_0/libsrc/standalone_v4_1/src -s include  "SHELL=CMD" "COMPILER=arm-xilinx-eabi-gcc" "ARCHIVER=arm-xilinx-eabi-ar" "COMPILER_FLAGS=  -O2 -c" "EXTRA_COMPILER_FLAGS=-g"
"Running Make include in ps7_cortexa9_0/libsrc/uartps_v2_1/src"
make -C ps7_cortexa9_0/libsrc/uartps_v2_1/src -s include  "SHELL=CMD" "COMPILER=arm-xilinx-eabi-gcc" "ARCHIVER=arm-xilinx-eabi-ar" "COMPILER_FLAGS=  -O2 -c" "EXTRA_COMPILER_FLAGS=-g"
"Running Make include in ps7_cortexa9_0/libsrc/xadcps_v2_0/src"
make -C ps7_cortexa9_0/libsrc/xadcps_v2_0/src -s include  "SHELL=CMD" "COMPILER=arm-xilinx-eabi-gcc" "ARCHIVER=arm-xilinx-eabi-ar" "COMPILER_FLAGS=  -O2 -c" "EXTRA_COMPILER_FLAGS=-g"
"Running Make libs in ps7_cortexa9_0/libsrc/cpu_cortexa9_v2_0/src"
make -C ps7_cortexa9_0/libsrc/cpu_cortexa9_v2_0/src -s libs  "SHELL=CMD" "COMPILER=arm-xilinx-eabi-gcc" "ARCHIVER=arm-xilinx-eabi-ar" "COMPILER_FLAGS=  -O2 -c" "EXTRA_COMPILER_FLAGS=-g"
"Compiling cpu_cortexa9"
"Running Make libs in ps7_cortexa9_0/libsrc/devcfg_v3_1/src"
make -C ps7_cortexa9_0/libsrc/devcfg_v3_1/src -s libs  "SHELL=CMD" "COMPILER=arm-xilinx-eabi-gcc" "ARCHIVER=arm-xilinx-eabi-ar" "COMPILER_FLAGS=  -O2 -c" "EXTRA_COMPILER_FLAGS=-g"
"Compiling devcfg"
arm-xilinx-eabi-ar: creating ../../../lib/libxil.a
"Running Make libs in ps7_cortexa9_0/libsrc/dmaps_v2_0/src"
make -C ps7_cortexa9_0/libsrc/dmaps_v2_0/src -s libs  "SHELL=CMD" "COMPILER=arm-xilinx-eabi-gcc" "ARCHIVER=arm-xilinx-eabi-ar" "COMPILER_FLAGS=  -O2 -c" "EXTRA_COMPILER_FLAGS=-g"
"Compiling dmaps"
"Running Make libs in ps7_cortexa9_0/libsrc/gpio_v4_0/src"
make -C ps7_cortexa9_0/libsrc/gpio_v4_0/src -s libs  "SHELL=CMD" "COMPILER=arm-xilinx-eabi-gcc" "ARCHIVER=arm-xilinx-eabi-ar" "COMPILER_FLAGS=  -O2 -c" "EXTRA_COMPILER_FLAGS=-g"
"Compiling gpio"
"Running Make libs in ps7_cortexa9_0/libsrc/scugic_v2_1/src"
make -C ps7_cortexa9_0/libsrc/scugic_v2_1/src -s libs  "SHELL=CMD" "COMPILER=arm-xilinx-eabi-gcc" "ARCHIVER=arm-xilinx-eabi-ar" "COMPILER_FLAGS=  -O2 -c" "EXTRA_COMPILER_FLAGS=-g"
"Compiling scugic"
"Running Make libs in ps7_cortexa9_0/libsrc/scutimer_v2_0/src"
make -C ps7_cortexa9_0/libsrc/scutimer_v2_0/src -s libs  "SHELL=CMD" "COMPILER=arm-xilinx-eabi-gcc" "ARCHIVER=arm-xilinx-eabi-ar" "COMPILER_FLAGS=  -O2 -c" "EXTRA_COMPILER_FLAGS=-g"
"Compiling scutimer"
"Running Make libs in ps7_cortexa9_0/libsrc/scuwdt_v2_0/src"
make -C ps7_cortexa9_0/libsrc/scuwdt_v2_0/src -s libs  "SHELL=CMD" "COMPILER=arm-xilinx-eabi-gcc" "ARCHIVER=arm-xilinx-eabi-ar" "COMPILER_FLAGS=  -O2 -c" "EXTRA_COMPILER_FLAGS=-g"
"Compiling scuwdt"
"Running Make libs in ps7_cortexa9_0/libsrc/standalone_v4_1/src"
make -C ps7_cortexa9_0/libsrc/standalone_v4_1/src -s libs  "SHELL=CMD" "COMPILER=arm-xilinx-eabi-gcc" "ARCHIVER=arm-xilinx-eabi-ar" "COMPILER_FLAGS=  -O2 -c" "EXTRA_COMPILER_FLAGS=-g"
"Compiling standalone"
"Running Make libs in ps7_cortexa9_0/libsrc/uartps_v2_1/src"
make -C ps7_cortexa9_0/libsrc/uartps_v2_1/src -s libs  "SHELL=CMD" "COMPILER=arm-xilinx-eabi-gcc" "ARCHIVER=arm-xilinx-eabi-ar" "COMPILER_FLAGS=  -O2 -c" "EXTRA_COMPILER_FLAGS=-g"
"Compiling uartps"
"Running Make libs in ps7_cortexa9_0/libsrc/xadcps_v2_0/src"
make -C ps7_cortexa9_0/libsrc/xadcps_v2_0/src -s libs  "SHELL=CMD" "COMPILER=arm-xilinx-eabi-gcc" "ARCHIVER=arm-xilinx-eabi-ar" "COMPILER_FLAGS=  -O2 -c" "EXTRA_COMPILER_FLAGS=-g"
"Compiling xadcps"
'Finished building libraries'

**** Build of configuration Debug for project final3 ****

Nothing to build for project final3
15:12:29 **** Auto Build of configuration Debug for project final3 ****
make all 
'Building file: ../src/lab2.c'
'Invoking: ARM gcc compiler'
arm-xilinx-eabi-gcc -Wall -O0 -g3 -c -fmessage-length=0 -I../../standalone_bsp_0/ps7_cortexa9_0/include -MMD -MP -MF"src/lab2.d" -MT"src/lab2.d" -o "src/lab2.o" "../src/lab2.c"
In file included from ../src/xutil.h:112:0,
                 from ../src/lab2.c:3:
../../standalone_bsp_0/ps7_cortexa9_0/include/xbasic_types.h:124:2: warning: #warning The xbasics_type.h file is deprecated and users should use xil_types.h and xil_assert. [-Wcpp]
 #warning  The xbasics_type.h file is deprecated and users should use xil_types.h and xil_assert.
  ^
../../standalone_bsp_0/ps7_cortexa9_0/include/xbasic_types.h:125:2: warning: #warning Please refer the Standalone BSP UG647 for further details [-Wcpp]
 #warning  Please refer the Standalone BSP UG647 for further details
  ^
../src/lab2.c: In function 'main':
../src/lab2.c:41:24: error: 'XPAR_SW_4BIT_DEVICE_ID' undeclared (first use in this function)
  XGpio_Initialize(&led,XPAR_SW_4BIT_DEVICE_ID);
                        ^
../src/lab2.c:41:24: note: each undeclared identifier is reported only once for each function it appears in
../src/lab2.c:49:3: warning: implicit declaration of function 'rand' [-Wimplicit-function-declaration]
   int rValue = rand()%2;//0对应不按，1对应按
   ^
../src/lab2.c:36:6: warning: unused variable 'i' [-Wunused-variable]
  int i,psb_check;//psb_check为push的返回值
      ^
make: *** [src/lab2.o] 错误 1
15:12:45 **** Auto Build of configuration Debug for project final3 ****
make all 
'Building file: ../src/lab2.c'
'Invoking: ARM gcc compiler'
arm-xilinx-eabi-gcc -Wall -O0 -g3 -c -fmessage-length=0 -I../../standalone_bsp_0/ps7_cortexa9_0/include -MMD -MP -MF"src/lab2.d" -MT"src/lab2.d" -o "src/lab2.o" "../src/lab2.c"
In file included from ../src/xutil.h:112:0,
                 from ../src/lab2.c:3:
../../standalone_bsp_0/ps7_cortexa9_0/include/xbasic_types.h:124:2: warning: #warning The xbasics_type.h file is deprecated and users should use xil_types.h and xil_assert. [-Wcpp]
 #warning  The xbasics_type.h file is deprecated and users should use xil_types.h and xil_assert.
  ^
../../standalone_bsp_0/ps7_cortexa9_0/include/xbasic_types.h:125:2: warning: #warning Please refer the Standalone BSP UG647 for further details [-Wcpp]
 #warning  Please refer the Standalone BSP UG647 for further details
  ^
../src/lab2.c: In function 'main':
../src/lab2.c:18:25: error: 'XPAR_SW_4BIT_DEVICE_ID' undeclared (first use in this function)
  XGpio_Initialize(&led1,XPAR_SW_4BIT_DEVICE_ID);
                         ^
../src/lab2.c:18:25: note: each undeclared identifier is reported only once for each function it appears in
../src/lab2.c:35:3: warning: implicit declaration of function 'rand' [-Wimplicit-function-declaration]
   rValue = myrand[rand()%5];//产生1到4
   ^
../src/lab2.c:13:6: warning: unused variable 'psb_check' [-Wunused-variable]
  int psb_check;//button的返回值
      ^
make: *** [src/lab2.o] 错误 1
15:13:06 **** Auto Build of configuration Debug for project final3 ****
make all 
'Building file: ../src/lab2.c'
'Invoking: ARM gcc compiler'
arm-xilinx-eabi-gcc -Wall -O0 -g3 -c -fmessage-length=0 -I../../standalone_bsp_0/ps7_cortexa9_0/include -MMD -MP -MF"src/lab2.d" -MT"src/lab2.d" -o "src/lab2.o" "../src/lab2.c"
In file included from ../src/xutil.h:112:0,
                 from ../src/lab2.c:3:
../../standalone_bsp_0/ps7_cortexa9_0/include/xbasic_types.h:124:2: warning: #warning The xbasics_type.h file is deprecated and users should use xil_types.h and xil_assert. [-Wcpp]
 #warning  The xbasics_type.h file is deprecated and users should use xil_types.h and xil_assert.
  ^
../../standalone_bsp_0/ps7_cortexa9_0/include/xbasic_types.h:125:2: warning: #warning Please refer the Standalone BSP UG647 for further details [-Wcpp]
 #warning  Please refer the Standalone BSP UG647 for further details
  ^
../src/lab2.c: In function 'main':
../src/lab2.c:20:25: error: 'XPAR_SW_4BIT_DEVICE_ID' undeclared (first use in this function)
  XGpio_Initialize(&led2,XPAR_SW_4BIT_DEVICE_ID);
                         ^
../src/lab2.c:20:25: note: each undeclared identifier is reported only once for each function it appears in
../src/lab2.c:35:3: warning: implicit declaration of function 'rand' [-Wimplicit-function-declaration]
   rValue = myrand[rand()%5];//产生1到4
   ^
../src/lab2.c:13:6: warning: unused variable 'psb_check' [-Wunused-variable]
  int psb_check;//button的返回值
      ^
make: *** [src/lab2.o] 错误 1
15:13:27 **** Auto Build of configuration Debug for project final3 ****
make all 
'Building file: ../src/lab2.c'
'Invoking: ARM gcc compiler'
arm-xilinx-eabi-gcc -Wall -O0 -g3 -c -fmessage-length=0 -I../../standalone_bsp_0/ps7_cortexa9_0/include -MMD -MP -MF"src/lab2.d" -MT"src/lab2.d" -o "src/lab2.o" "../src/lab2.c"
In file included from ../src/xutil.h:112:0,
                 from ../src/lab2.c:3:
../../standalone_bsp_0/ps7_cortexa9_0/include/xbasic_types.h:124:2: warning: #warning The xbasics_type.h file is deprecated and users should use xil_types.h and xil_assert. [-Wcpp]
 #warning  The xbasics_type.h file is deprecated and users should use xil_types.h and xil_assert.
  ^
../../standalone_bsp_0/ps7_cortexa9_0/include/xbasic_types.h:125:2: warning: #warning Please refer the Standalone BSP UG647 for further details [-Wcpp]
 #warning  Please refer the Standalone BSP UG647 for further details
  ^
../src/lab2.c: In function 'main':
../src/lab2.c:35:3: warning: implicit declaration of function 'rand' [-Wimplicit-function-declaration]
   rValue = myrand[rand()%5];//产生1到4
   ^
../src/lab2.c:13:6: warning: unused variable 'psb_check' [-Wunused-variable]
  int psb_check;//button的返回值
      ^
'Finished building: ../src/lab2.c'
' '
'Building target: final3.elf'
'Invoking: ARM gcc linker'
arm-xilinx-eabi-gcc -Wl,-T -Wl,../src/lscript.ld -L../../standalone_bsp_0/ps7_cortexa9_0/lib -o "final3.elf"  ./src/lab2.o   -Wl,--start-group,-lxil,-lgcc,-lc,--end-group
'Finished building target: final3.elf'
' '
'Invoking: ARM Print Size'
arm-xilinx-eabi-size final3.elf  |tee "final3.elf.size"
   text	   data	    bss	    dec	    hex	filename
  24440	   1184	  29796	  55420	   d87c	final3.elf
'Finished building: final3.elf.size'
' '
15:13:40 **** Auto Build of configuration Debug for project final3 ****
make all 
'Building file: ../src/lab2.c'
'Invoking: ARM gcc compiler'
arm-xilinx-eabi-gcc -Wall -O0 -g3 -c -fmessage-length=0 -I../../standalone_bsp_0/ps7_cortexa9_0/include -MMD -MP -MF"src/lab2.d" -MT"src/lab2.d" -o "src/lab2.o" "../src/lab2.c"
In file included from ../src/xutil.h:112:0,
                 from ../src/lab2.c:3:
../../standalone_bsp_0/ps7_cortexa9_0/include/xbasic_types.h:124:2: warning: #warning The xbasics_type.h file is deprecated and users should use xil_types.h and xil_assert. [-Wcpp]
 #warning  The xbasics_type.h file is deprecated and users should use xil_types.h and xil_assert.
  ^
../../standalone_bsp_0/ps7_cortexa9_0/include/xbasic_types.h:125:2: warning: #warning Please refer the Standalone BSP UG647 for further details [-Wcpp]
 #warning  Please refer the Standalone BSP UG647 for further details
  ^
../src/lab2.c: In function 'main':
../src/lab2.c:33:3: warning: implicit declaration of function 'rand' [-Wimplicit-function-declaration]
   rValue = myrand[rand()%5];//产生1到4
   ^
../src/lab2.c:13:6: warning: unused variable 'psb_check' [-Wunused-variable]
  int psb_check;//button的返回值
      ^
'Finished building: ../src/lab2.c'
' '
'Building target: final3.elf'
'Invoking: ARM gcc linker'
arm-xilinx-eabi-gcc -Wl,-T -Wl,../src/lscript.ld -L../../standalone_bsp_0/ps7_cortexa9_0/lib -o "final3.elf"  ./src/lab2.o   -Wl,--start-group,-lxil,-lgcc,-lc,--end-group
'Finished building target: final3.elf'
' '
'Invoking: ARM Print Size'
arm-xilinx-eabi-size final3.elf  |tee "final3.elf.size"
   text	   data	    bss	    dec	    hex	filename
  24440	   1184	  29796	  55420	   d87c	final3.elf
'Finished building: final3.elf.size'
' '
15:15:54 **** Incremental Build of configuration Debug for project final3 ****
make all 
make: Nothing to be done for `all'.
15:17:36 **** Auto Build of configuration Debug for project final3 ****
make all 
'Building file: ../src/lab2.c'
'Invoking: ARM gcc compiler'
arm-xilinx-eabi-gcc -Wall -O0 -g3 -c -fmessage-length=0 -I../../standalone_bsp_0/ps7_cortexa9_0/include -MMD -MP -MF"src/lab2.d" -MT"src/lab2.d" -o "src/lab2.o" "../src/lab2.c"
In file included from ../src/xutil.h:112:0,
                 from ../src/lab2.c:3:
../../standalone_bsp_0/ps7_cortexa9_0/include/xbasic_types.h:124:2: warning: #warning The xbasics_type.h file is deprecated and users should use xil_types.h and xil_assert. [-Wcpp]
 #warning  The xbasics_type.h file is deprecated and users should use xil_types.h and xil_assert.
  ^
../../standalone_bsp_0/ps7_cortexa9_0/include/xbasic_types.h:125:2: warning: #warning Please refer the Standalone BSP UG647 for further details [-Wcpp]
 #warning  Please refer the Standalone BSP UG647 for further details
  ^
../src/lab2.c: In function 'main':
../src/lab2.c:33:3: warning: implicit declaration of function 'rand' [-Wimplicit-function-declaration]
   rValue = myrand[rand()%5];//产生1到4
   ^
../src/lab2.c:13:6: warning: unused variable 'psb_check' [-Wunused-variable]
  int psb_check;//button的返回值
      ^
'Finished building: ../src/lab2.c'
' '
'Building target: final3.elf'
'Invoking: ARM gcc linker'
arm-xilinx-eabi-gcc -Wl,-T -Wl,../src/lscript.ld -L../../standalone_bsp_0/ps7_cortexa9_0/lib -o "final3.elf"  ./src/lab2.o   -Wl,--start-group,-lxil,-lgcc,-lc,--end-group
'Finished building target: final3.elf'
' '
'Invoking: ARM Print Size'
arm-xilinx-eabi-size final3.elf  |tee "final3.elf.size"
   text	   data	    bss	    dec	    hex	filename
  24696	   1184	  29796	  55676	   d97c	final3.elf
'Finished building: final3.elf.size'
' '
15:18:45 **** Incremental Build of configuration Debug for project final3 ****
make all 
make: Nothing to be done for `all'.
15:25:35 **** Auto Build of configuration Debug for project final3 ****
make all 
'Building file: ../src/lab2.c'
'Invoking: ARM gcc compiler'
arm-xilinx-eabi-gcc -Wall -O0 -g3 -c -fmessage-length=0 -I../../standalone_bsp_0/ps7_cortexa9_0/include -MMD -MP -MF"src/lab2.d" -MT"src/lab2.d" -o "src/lab2.o" "../src/lab2.c"
In file included from ../src/xutil.h:112:0,
                 from ../src/lab2.c:3:
../../standalone_bsp_0/ps7_cortexa9_0/include/xbasic_types.h:124:2: warning: #warning The xbasics_type.h file is deprecated and users should use xil_types.h and xil_assert. [-Wcpp]
 #warning  The xbasics_type.h file is deprecated and users should use xil_types.h and xil_assert.
  ^
../../standalone_bsp_0/ps7_cortexa9_0/include/xbasic_types.h:125:2: warning: #warning Please refer the Standalone BSP UG647 for further details [-Wcpp]
 #warning  Please refer the Standalone BSP UG647 for further details
  ^
../src/lab2.c: In function 'main':
../src/lab2.c:13:6: warning: unused variable 'psb_check' [-Wunused-variable]
  int psb_check;//button的返回值
      ^
../src/lab2.c:12:6: warning: unused variable 'i' [-Wunused-variable]
  int i;
      ^
../src/lab2.c:72:1: warning: control reaches end of non-void function [-Wreturn-type]
 }
 ^
'Finished building: ../src/lab2.c'
' '
'Building target: final3.elf'
'Invoking: ARM gcc linker'
arm-xilinx-eabi-gcc -Wl,-T -Wl,../src/lscript.ld -L../../standalone_bsp_0/ps7_cortexa9_0/lib -o "final3.elf"  ./src/lab2.o   -Wl,--start-group,-lxil,-lgcc,-lc,--end-group
'Finished building target: final3.elf'
' '
'Invoking: ARM Print Size'
arm-xilinx-eabi-size final3.elf  |tee "final3.elf.size"
   text	   data	    bss	    dec	    hex	filename
  23960	   1184	  29796	  54940	   d69c	final3.elf
'Finished building: final3.elf.size'
' '
15:27:50 **** Auto Build of configuration Debug for project final3 ****
make all 
'Building file: ../src/lab2.c'
'Invoking: ARM gcc compiler'
arm-xilinx-eabi-gcc -Wall -O0 -g3 -c -fmessage-length=0 -I../../standalone_bsp_0/ps7_cortexa9_0/include -MMD -MP -MF"src/lab2.d" -MT"src/lab2.d" -o "src/lab2.o" "../src/lab2.c"
In file included from ../src/xutil.h:112:0,
                 from ../src/lab2.c:3:
../../standalone_bsp_0/ps7_cortexa9_0/include/xbasic_types.h:124:2: warning: #warning The xbasics_type.h file is deprecated and users should use xil_types.h and xil_assert. [-Wcpp]
 #warning  The xbasics_type.h file is deprecated and users should use xil_types.h and xil_assert.
  ^
../../standalone_bsp_0/ps7_cortexa9_0/include/xbasic_types.h:125:2: warning: #warning Please refer the Standalone BSP UG647 for further details [-Wcpp]
 #warning  Please refer the Standalone BSP UG647 for further details
  ^
../src/lab2.c: In function 'main':
../src/lab2.c:29:6: warning: unused variable 'myrand' [-Wunused-variable]
  int myrand[5]={0,1,2,3,4};
      ^
../src/lab2.c:13:6: warning: unused variable 'psb_check' [-Wunused-variable]
  int psb_check;//button的返回值
      ^
../src/lab2.c:12:6: warning: unused variable 'i' [-Wunused-variable]
  int i;
      ^
../src/lab2.c:74:1: warning: control reaches end of non-void function [-Wreturn-type]
 }
 ^
'Finished building: ../src/lab2.c'
' '
'Building target: final3.elf'
'Invoking: ARM gcc linker'
arm-xilinx-eabi-gcc -Wl,-T -Wl,../src/lscript.ld -L../../standalone_bsp_0/ps7_cortexa9_0/lib -o "final3.elf"  ./src/lab2.o   -Wl,--start-group,-lxil,-lgcc,-lc,--end-group
'Finished building target: final3.elf'
' '
'Invoking: ARM Print Size'
arm-xilinx-eabi-size final3.elf  |tee "final3.elf.size"
   text	   data	    bss	    dec	    hex	filename
  24044	   1184	  29796	  55024	   d6f0	final3.elf
'Finished building: final3.elf.size'
' '
15:30:07 **** Auto Build of configuration Debug for project final3 ****
make all 
'Building file: ../src/lab2.c'
'Invoking: ARM gcc compiler'
arm-xilinx-eabi-gcc -Wall -O0 -g3 -c -fmessage-length=0 -I../../standalone_bsp_0/ps7_cortexa9_0/include -MMD -MP -MF"src/lab2.d" -MT"src/lab2.d" -o "src/lab2.o" "../src/lab2.c"
In file included from ../src/xutil.h:112:0,
                 from ../src/lab2.c:3:
../../standalone_bsp_0/ps7_cortexa9_0/include/xbasic_types.h:124:2: warning: #warning The xbasics_type.h file is deprecated and users should use xil_types.h and xil_assert. [-Wcpp]
 #warning  The xbasics_type.h file is deprecated and users should use xil_types.h and xil_assert.
  ^
../../standalone_bsp_0/ps7_cortexa9_0/include/xbasic_types.h:125:2: warning: #warning Please refer the Standalone BSP UG647 for further details [-Wcpp]
 #warning  Please refer the Standalone BSP UG647 for further details
  ^
../src/lab2.c: In function 'main':
../src/lab2.c:33:3: warning: implicit declaration of function 'rand' [-Wimplicit-function-declaration]
   rValue = myrand[rand()%5];//产生1到4
   ^
../src/lab2.c:13:6: warning: unused variable 'psb_check' [-Wunused-variable]
  int psb_check;//button的返回值
      ^
'Finished building: ../src/lab2.c'
' '
'Building target: final3.elf'
'Invoking: ARM gcc linker'
arm-xilinx-eabi-gcc -Wl,-T -Wl,../src/lscript.ld -L../../standalone_bsp_0/ps7_cortexa9_0/lib -o "final3.elf"  ./src/lab2.o   -Wl,--start-group,-lxil,-lgcc,-lc,--end-group
'Finished building target: final3.elf'
' '
'Invoking: ARM Print Size'
arm-xilinx-eabi-size final3.elf  |tee "final3.elf.size"
   text	   data	    bss	    dec	    hex	filename
  24696	   1184	  29796	  55676	   d97c	final3.elf
'Finished building: final3.elf.size'
' '
15:30:33 **** Auto Build of configuration Debug for project final3 ****
make all 
'Building file: ../src/lab2.c'
'Invoking: ARM gcc compiler'
arm-xilinx-eabi-gcc -Wall -O0 -g3 -c -fmessage-length=0 -I../../standalone_bsp_0/ps7_cortexa9_0/include -MMD -MP -MF"src/lab2.d" -MT"src/lab2.d" -o "src/lab2.o" "../src/lab2.c"
In file included from ../src/xutil.h:112:0,
                 from ../src/lab2.c:3:
../../standalone_bsp_0/ps7_cortexa9_0/include/xbasic_types.h:124:2: warning: #warning The xbasics_type.h file is deprecated and users should use xil_types.h and xil_assert. [-Wcpp]
 #warning  The xbasics_type.h file is deprecated and users should use xil_types.h and xil_assert.
  ^
../../standalone_bsp_0/ps7_cortexa9_0/include/xbasic_types.h:125:2: warning: #warning Please refer the Standalone BSP UG647 for further details [-Wcpp]
 #warning  Please refer the Standalone BSP UG647 for further details
  ^
../src/lab2.c: In function 'main':
../src/lab2.c:33:3: warning: implicit declaration of function 'rand' [-Wimplicit-function-declaration]
   rValue = myrand[rand()%5];//产生1到4
   ^
../src/lab2.c:13:6: warning: unused variable 'psb_check' [-Wunused-variable]
  int psb_check;//button的返回值
      ^
'Finished building: ../src/lab2.c'
' '
'Building target: final3.elf'
'Invoking: ARM gcc linker'
arm-xilinx-eabi-gcc -Wl,-T -Wl,../src/lscript.ld -L../../standalone_bsp_0/ps7_cortexa9_0/lib -o "final3.elf"  ./src/lab2.o   -Wl,--start-group,-lxil,-lgcc,-lc,--end-group
'Finished building target: final3.elf'
' '
'Invoking: ARM Print Size'
arm-xilinx-eabi-size final3.elf  |tee "final3.elf.size"
   text	   data	    bss	    dec	    hex	filename
  24696	   1184	  29796	  55676	   d97c	final3.elf
'Finished building: final3.elf.size'
' '
17:32:04 **** Build of project standalone_bsp_0 ****
make -k all 
"Running Make include in ps7_cortexa9_0/libsrc/cpu_cortexa9_v2_0/src"
make -C ps7_cortexa9_0/libsrc/cpu_cortexa9_v2_0/src -s include  "SHELL=CMD" "COMPILER=arm-xilinx-eabi-gcc" "ARCHIVER=arm-xilinx-eabi-ar" "COMPILER_FLAGS=  -O2 -c" "EXTRA_COMPILER_FLAGS=-g"
"Running Make include in ps7_cortexa9_0/libsrc/devcfg_v3_1/src"
make -C ps7_cortexa9_0/libsrc/devcfg_v3_1/src -s include  "SHELL=CMD" "COMPILER=arm-xilinx-eabi-gcc" "ARCHIVER=arm-xilinx-eabi-ar" "COMPILER_FLAGS=  -O2 -c" "EXTRA_COMPILER_FLAGS=-g"
"Running Make include in ps7_cortexa9_0/libsrc/dmaps_v2_0/src"
make -C ps7_cortexa9_0/libsrc/dmaps_v2_0/src -s include  "SHELL=CMD" "COMPILER=arm-xilinx-eabi-gcc" "ARCHIVER=arm-xilinx-eabi-ar" "COMPILER_FLAGS=  -O2 -c" "EXTRA_COMPILER_FLAGS=-g"
"Running Make include in ps7_cortexa9_0/libsrc/gpio_v4_0/src"
make -C ps7_cortexa9_0/libsrc/gpio_v4_0/src -s include  "SHELL=CMD" "COMPILER=arm-xilinx-eabi-gcc" "ARCHIVER=arm-xilinx-eabi-ar" "COMPILER_FLAGS=  -O2 -c" "EXTRA_COMPILER_FLAGS=-g"
"Running Make include in ps7_cortexa9_0/libsrc/scugic_v2_1/src"
make -C ps7_cortexa9_0/libsrc/scugic_v2_1/src -s include  "SHELL=CMD" "COMPILER=arm-xilinx-eabi-gcc" "ARCHIVER=arm-xilinx-eabi-ar" "COMPILER_FLAGS=  -O2 -c" "EXTRA_COMPILER_FLAGS=-g"
"Running Make include in ps7_cortexa9_0/libsrc/scutimer_v2_0/src"
make -C ps7_cortexa9_0/libsrc/scutimer_v2_0/src -s include  "SHELL=CMD" "COMPILER=arm-xilinx-eabi-gcc" "ARCHIVER=arm-xilinx-eabi-ar" "COMPILER_FLAGS=  -O2 -c" "EXTRA_COMPILER_FLAGS=-g"
"Running Make include in ps7_cortexa9_0/libsrc/scuwdt_v2_0/src"
make -C ps7_cortexa9_0/libsrc/scuwdt_v2_0/src -s include  "SHELL=CMD" "COMPILER=arm-xilinx-eabi-gcc" "ARCHIVER=arm-xilinx-eabi-ar" "COMPILER_FLAGS=  -O2 -c" "EXTRA_COMPILER_FLAGS=-g"
"Running Make include in ps7_cortexa9_0/libsrc/standalone_v4_1/src"
make -C ps7_cortexa9_0/libsrc/standalone_v4_1/src -s include  "SHELL=CMD" "COMPILER=arm-xilinx-eabi-gcc" "ARCHIVER=arm-xilinx-eabi-ar" "COMPILER_FLAGS=  -O2 -c" "EXTRA_COMPILER_FLAGS=-g"
"Running Make include in ps7_cortexa9_0/libsrc/uartps_v2_1/src"
make -C ps7_cortexa9_0/libsrc/uartps_v2_1/src -s include  "SHELL=CMD" "COMPILER=arm-xilinx-eabi-gcc" "ARCHIVER=arm-xilinx-eabi-ar" "COMPILER_FLAGS=  -O2 -c" "EXTRA_COMPILER_FLAGS=-g"
"Running Make include in ps7_cortexa9_0/libsrc/xadcps_v2_0/src"
make -C ps7_cortexa9_0/libsrc/xadcps_v2_0/src -s include  "SHELL=CMD" "COMPILER=arm-xilinx-eabi-gcc" "ARCHIVER=arm-xilinx-eabi-ar" "COMPILER_FLAGS=  -O2 -c" "EXTRA_COMPILER_FLAGS=-g"
"Running Make libs in ps7_cortexa9_0/libsrc/cpu_cortexa9_v2_0/src"
make -C ps7_cortexa9_0/libsrc/cpu_cortexa9_v2_0/src -s libs  "SHELL=CMD" "COMPILER=arm-xilinx-eabi-gcc" "ARCHIVER=arm-xilinx-eabi-ar" "COMPILER_FLAGS=  -O2 -c" "EXTRA_COMPILER_FLAGS=-g"
"Compiling cpu_cortexa9"
"Running Make libs in ps7_cortexa9_0/libsrc/devcfg_v3_1/src"
make -C ps7_cortexa9_0/libsrc/devcfg_v3_1/src -s libs  "SHELL=CMD" "COMPILER=arm-xilinx-eabi-gcc" "ARCHIVER=arm-xilinx-eabi-ar" "COMPILER_FLAGS=  -O2 -c" "EXTRA_COMPILER_FLAGS=-g"
"Compiling devcfg"
"Running Make libs in ps7_cortexa9_0/libsrc/dmaps_v2_0/src"
make -C ps7_cortexa9_0/libsrc/dmaps_v2_0/src -s libs  "SHELL=CMD" "COMPILER=arm-xilinx-eabi-gcc" "ARCHIVER=arm-xilinx-eabi-ar" "COMPILER_FLAGS=  -O2 -c" "EXTRA_COMPILER_FLAGS=-g"
"Compiling dmaps"
"Running Make libs in ps7_cortexa9_0/libsrc/gpio_v4_0/src"
make -C ps7_cortexa9_0/libsrc/gpio_v4_0/src -s libs  "SHELL=CMD" "COMPILER=arm-xilinx-eabi-gcc" "ARCHIVER=arm-xilinx-eabi-ar" "COMPILER_FLAGS=  -O2 -c" "EXTRA_COMPILER_FLAGS=-g"
"Compiling gpio"
"Running Make libs in ps7_cortexa9_0/libsrc/scugic_v2_1/src"
make -C ps7_cortexa9_0/libsrc/scugic_v2_1/src -s libs  "SHELL=CMD" "COMPILER=arm-xilinx-eabi-gcc" "ARCHIVER=arm-xilinx-eabi-ar" "COMPILER_FLAGS=  -O2 -c" "EXTRA_COMPILER_FLAGS=-g"
"Compiling scugic"
"Running Make libs in ps7_cortexa9_0/libsrc/scutimer_v2_0/src"
make -C ps7_cortexa9_0/libsrc/scutimer_v2_0/src -s libs  "SHELL=CMD" "COMPILER=arm-xilinx-eabi-gcc" "ARCHIVER=arm-xilinx-eabi-ar" "COMPILER_FLAGS=  -O2 -c" "EXTRA_COMPILER_FLAGS=-g"
"Compiling scutimer"
"Running Make libs in ps7_cortexa9_0/libsrc/scuwdt_v2_0/src"
make -C ps7_cortexa9_0/libsrc/scuwdt_v2_0/src -s libs  "SHELL=CMD" "COMPILER=arm-xilinx-eabi-gcc" "ARCHIVER=arm-xilinx-eabi-ar" "COMPILER_FLAGS=  -O2 -c" "EXTRA_COMPILER_FLAGS=-g"
"Compiling scuwdt"
"Running Make libs in ps7_cortexa9_0/libsrc/standalone_v4_1/src"
make -C ps7_cortexa9_0/libsrc/standalone_v4_1/src -s libs  "SHELL=CMD" "COMPILER=arm-xilinx-eabi-gcc" "ARCHIVER=arm-xilinx-eabi-ar" "COMPILER_FLAGS=  -O2 -c" "EXTRA_COMPILER_FLAGS=-g"
"Compiling standalone"
"Running Make libs in ps7_cortexa9_0/libsrc/uartps_v2_1/src"
make -C ps7_cortexa9_0/libsrc/uartps_v2_1/src -s libs  "SHELL=CMD" "COMPILER=arm-xilinx-eabi-gcc" "ARCHIVER=arm-xilinx-eabi-ar" "COMPILER_FLAGS=  -O2 -c" "EXTRA_COMPILER_FLAGS=-g"
"Compiling uartps"
"Running Make libs in ps7_cortexa9_0/libsrc/xadcps_v2_0/src"
make -C ps7_cortexa9_0/libsrc/xadcps_v2_0/src -s libs  "SHELL=CMD" "COMPILER=arm-xilinx-eabi-gcc" "ARCHIVER=arm-xilinx-eabi-ar" "COMPILER_FLAGS=  -O2 -c" "EXTRA_COMPILER_FLAGS=-g"
"Compiling xadcps"
'Finished building libraries'
17:33:11 **** Build of configuration Debug for project final3 ****
make all 
make: Nothing to be done for `all'.
17:33:15 **** Incremental Build of configuration Debug for project final3 ****
make all 
make: Nothing to be done for `all'.
17:33:19 **** Incremental Build of configuration Debug for project final3 ****
make all 
make: Nothing to be done for `all'.
17:49:29 **** Auto Build of configuration Debug for project final3 ****
make all 
'Building file: ../src/lab2.c'
'Invoking: ARM gcc compiler'
arm-xilinx-eabi-gcc -Wall -O0 -g3 -c -fmessage-length=0 -I../../standalone_bsp_0/ps7_cortexa9_0/include -MMD -MP -MF"src/lab2.d" -MT"src/lab2.d" -o "src/lab2.o" "../src/lab2.c"
In file included from ../src/xutil.h:112:0,
                 from ../src/lab2.c:3:
../../standalone_bsp_0/ps7_cortexa9_0/include/xbasic_types.h:124:2: warning: #warning The xbasics_type.h file is deprecated and users should use xil_types.h and xil_assert. [-Wcpp]
 #warning  The xbasics_type.h file is deprecated and users should use xil_types.h and xil_assert.
  ^
../../standalone_bsp_0/ps7_cortexa9_0/include/xbasic_types.h:125:2: warning: #warning Please refer the Standalone BSP UG647 for further details [-Wcpp]
 #warning  Please refer the Standalone BSP UG647 for further details
  ^
../src/lab2.c: In function 'main':
../src/lab2.c:37:14: error: 'false' undeclared (first use in this function)
   int flag = false;
              ^
../src/lab2.c:37:14: note: each undeclared identifier is reported only once for each function it appears in
../src/lab2.c:38:9: error: expected expression before ')' token
   while()
         ^
../src/lab2.c:37:7: warning: unused variable 'flag' [-Wunused-variable]
   int flag = false;
       ^
../src/lab2.c:47:3: warning: implicit declaration of function 'rand' [-Wimplicit-function-declaration]
   rValue = myrand[rand()%5];//产生1到4
   ^
../src/lab2.c:13:6: warning: unused variable 'psb_check' [-Wunused-variable]
  int psb_check;//button的返回值
      ^
make: *** [src/lab2.o] 错误 1
17:49:34 **** Auto Build of configuration Debug for project final3 ****
make all 
'Building file: ../src/lab2.c'
'Invoking: ARM gcc compiler'
arm-xilinx-eabi-gcc -Wall -O0 -g3 -c -fmessage-length=0 -I../../standalone_bsp_0/ps7_cortexa9_0/include -MMD -MP -MF"src/lab2.d" -MT"src/lab2.d" -o "src/lab2.o" "../src/lab2.c"
In file included from ../src/xutil.h:112:0,
                 from ../src/lab2.c:3:
../../standalone_bsp_0/ps7_cortexa9_0/include/xbasic_types.h:124:2: warning: #warning The xbasics_type.h file is deprecated and users should use xil_types.h and xil_assert. [-Wcpp]
 #warning  The xbasics_type.h file is deprecated and users should use xil_types.h and xil_assert.
  ^
../../standalone_bsp_0/ps7_cortexa9_0/include/xbasic_types.h:125:2: warning: #warning Please refer the Standalone BSP UG647 for further details [-Wcpp]
 #warning  Please refer the Standalone BSP UG647 for further details
  ^
../src/lab2.c: In function 'main':
../src/lab2.c:37:14: error: 'true' undeclared (first use in this function)
   int flag = true;
              ^
../src/lab2.c:37:14: note: each undeclared identifier is reported only once for each function it appears in
../src/lab2.c:38:9: error: expected expression before ')' token
   while()
         ^
../src/lab2.c:37:7: warning: unused variable 'flag' [-Wunused-variable]
   int flag = true;
       ^
../src/lab2.c:47:3: warning: implicit declaration of function 'rand' [-Wimplicit-function-declaration]
   rValue = myrand[rand()%5];//产生1到4
   ^
../src/lab2.c:13:6: warning: unused variable 'psb_check' [-Wunused-variable]
  int psb_check;//button的返回值
      ^
make: *** [src/lab2.o] 错误 1
17:49:38 **** Auto Build of configuration Debug for project final3 ****
make all 
'Building file: ../src/lab2.c'
'Invoking: ARM gcc compiler'
arm-xilinx-eabi-gcc -Wall -O0 -g3 -c -fmessage-length=0 -I../../standalone_bsp_0/ps7_cortexa9_0/include -MMD -MP -MF"src/lab2.d" -MT"src/lab2.d" -o "src/lab2.o" "../src/lab2.c"
In file included from ../src/xutil.h:112:0,
                 from ../src/lab2.c:3:
../../standalone_bsp_0/ps7_cortexa9_0/include/xbasic_types.h:124:2: warning: #warning The xbasics_type.h file is deprecated and users should use xil_types.h and xil_assert. [-Wcpp]
 #warning  The xbasics_type.h file is deprecated and users should use xil_types.h and xil_assert.
  ^
../../standalone_bsp_0/ps7_cortexa9_0/include/xbasic_types.h:125:2: warning: #warning Please refer the Standalone BSP UG647 for further details [-Wcpp]
 #warning  Please refer the Standalone BSP UG647 for further details
  ^
../src/lab2.c: In function 'main':
../src/lab2.c:37:14: error: 'true' undeclared (first use in this function)
   int flag = true;
              ^
../src/lab2.c:37:14: note: each undeclared identifier is reported only once for each function it appears in
../src/lab2.c:47:3: warning: implicit declaration of function 'rand' [-Wimplicit-function-declaration]
   rValue = myrand[rand()%5];//产生1到4
   ^
../src/lab2.c:13:6: warning: unused variable 'psb_check' [-Wunused-variable]
  int psb_check;//button的返回值
      ^
make: *** [src/lab2.o] 错误 1
17:50:10 **** Auto Build of configuration Debug for project final3 ****
make all 
'Building file: ../src/lab2.c'
'Invoking: ARM gcc compiler'
arm-xilinx-eabi-gcc -Wall -O0 -g3 -c -fmessage-length=0 -I../../standalone_bsp_0/ps7_cortexa9_0/include -MMD -MP -MF"src/lab2.d" -MT"src/lab2.d" -o "src/lab2.o" "../src/lab2.c"
In file included from ../src/xutil.h:112:0,
                 from ../src/lab2.c:3:
../../standalone_bsp_0/ps7_cortexa9_0/include/xbasic_types.h:124:2: warning: #warning The xbasics_type.h file is deprecated and users should use xil_types.h and xil_assert. [-Wcpp]
 #warning  The xbasics_type.h file is deprecated and users should use xil_types.h and xil_assert.
  ^
../../standalone_bsp_0/ps7_cortexa9_0/include/xbasic_types.h:125:2: warning: #warning Please refer the Standalone BSP UG647 for further details [-Wcpp]
 #warning  Please refer the Standalone BSP UG647 for further details
  ^
../src/lab2.c: In function 'main':
../src/lab2.c:38:17: error: 'true' undeclared (first use in this function)
   while(flag == true)
                 ^
../src/lab2.c:38:17: note: each undeclared identifier is reported only once for each function it appears in
../src/lab2.c:47:3: warning: implicit declaration of function 'rand' [-Wimplicit-function-declaration]
   rValue = myrand[rand()%5];//产生1到4
   ^
../src/lab2.c:13:6: warning: unused variable 'psb_check' [-Wunused-variable]
  int psb_check;//button的返回值
      ^
make: *** [src/lab2.o] 错误 1
17:50:12 **** Auto Build of configuration Debug for project final3 ****
make all 
'Building file: ../src/lab2.c'
'Invoking: ARM gcc compiler'
arm-xilinx-eabi-gcc -Wall -O0 -g3 -c -fmessage-length=0 -I../../standalone_bsp_0/ps7_cortexa9_0/include -MMD -MP -MF"src/lab2.d" -MT"src/lab2.d" -o "src/lab2.o" "../src/lab2.c"
In file included from ../src/xutil.h:112:0,
                 from ../src/lab2.c:3:
../../standalone_bsp_0/ps7_cortexa9_0/include/xbasic_types.h:124:2: warning: #warning The xbasics_type.h file is deprecated and users should use xil_types.h and xil_assert. [-Wcpp]
 #warning  The xbasics_type.h file is deprecated and users should use xil_types.h and xil_assert.
  ^
../../standalone_bsp_0/ps7_cortexa9_0/include/xbasic_types.h:125:2: warning: #warning Please refer the Standalone BSP UG647 for further details [-Wcpp]
 #warning  Please refer the Standalone BSP UG647 for further details
  ^
../src/lab2.c: In function 'main':
../src/lab2.c:47:3: warning: implicit declaration of function 'rand' [-Wimplicit-function-declaration]
   rValue = myrand[rand()%5];//产生1到4
   ^
../src/lab2.c:13:6: warning: unused variable 'psb_check' [-Wunused-variable]
  int psb_check;//button的返回值
      ^
'Finished building: ../src/lab2.c'
' '
'Building target: final3.elf'
'Invoking: ARM gcc linker'
arm-xilinx-eabi-gcc -Wl,-T -Wl,../src/lscript.ld -L../../standalone_bsp_0/ps7_cortexa9_0/lib -o "final3.elf"  ./src/lab2.o   -Wl,--start-group,-lxil,-lgcc,-lc,--end-group
'Finished building target: final3.elf'
' '
'Invoking: ARM Print Size'
arm-xilinx-eabi-size final3.elf  |tee "final3.elf.size"
   text	   data	    bss	    dec	    hex	filename
  24044	   1184	  29796	  55024	   d6f0	final3.elf
'Finished building: final3.elf.size'
' '
17:54:11 **** Auto Build of configuration Debug for project final3 ****
make all 
'Building file: ../src/lab2.c'
'Invoking: ARM gcc compiler'
arm-xilinx-eabi-gcc -Wall -O0 -g3 -c -fmessage-length=0 -I../../standalone_bsp_0/ps7_cortexa9_0/include -MMD -MP -MF"src/lab2.d" -MT"src/lab2.d" -o "src/lab2.o" "../src/lab2.c"
In file included from ../src/xutil.h:112:0,
                 from ../src/lab2.c:3:
../../standalone_bsp_0/ps7_cortexa9_0/include/xbasic_types.h:124:2: warning: #warning The xbasics_type.h file is deprecated and users should use xil_types.h and xil_assert. [-Wcpp]
 #warning  The xbasics_type.h file is deprecated and users should use xil_types.h and xil_assert.
  ^
../../standalone_bsp_0/ps7_cortexa9_0/include/xbasic_types.h:125:2: warning: #warning Please refer the Standalone BSP UG647 for further details [-Wcpp]
 #warning  Please refer the Standalone BSP UG647 for further details
  ^
../src/lab2.c: In function 'main':
../src/lab2.c:40:4: warning: implicit declaration of function 'rand' [-Wimplicit-function-declaration]
    rValue = myrand[rand()%5];//产生1到4
    ^
../src/lab2.c:13:6: warning: variable 'psb_check' set but not used [-Wunused-but-set-variable]
  int psb_check;//button的返回值
      ^
'Finished building: ../src/lab2.c'
' '
'Building target: final3.elf'
'Invoking: ARM gcc linker'
arm-xilinx-eabi-gcc -Wl,-T -Wl,../src/lscript.ld -L../../standalone_bsp_0/ps7_cortexa9_0/lib -o "final3.elf"  ./src/lab2.o   -Wl,--start-group,-lxil,-lgcc,-lc,--end-group
'Finished building target: final3.elf'
' '
'Invoking: ARM Print Size'
arm-xilinx-eabi-size final3.elf  |tee "final3.elf.size"
   text	   data	    bss	    dec	    hex	filename
  24376	   1184	  29796	  55356	   d83c	final3.elf
'Finished building: final3.elf.size'
' '
17:54:16 **** Auto Build of configuration Debug for project final3 ****
make all 
'Building file: ../src/lab2.c'
'Invoking: ARM gcc compiler'
arm-xilinx-eabi-gcc -Wall -O0 -g3 -c -fmessage-length=0 -I../../standalone_bsp_0/ps7_cortexa9_0/include -MMD -MP -MF"src/lab2.d" -MT"src/lab2.d" -o "src/lab2.o" "../src/lab2.c"
In file included from ../src/xutil.h:112:0,
                 from ../src/lab2.c:3:
../../standalone_bsp_0/ps7_cortexa9_0/include/xbasic_types.h:124:2: warning: #warning The xbasics_type.h file is deprecated and users should use xil_types.h and xil_assert. [-Wcpp]
 #warning  The xbasics_type.h file is deprecated and users should use xil_types.h and xil_assert.
  ^
../../standalone_bsp_0/ps7_cortexa9_0/include/xbasic_types.h:125:2: warning: #warning Please refer the Standalone BSP UG647 for further details [-Wcpp]
 #warning  Please refer the Standalone BSP UG647 for further details
  ^
../src/lab2.c: In function 'main':
../src/lab2.c:40:4: warning: implicit declaration of function 'rand' [-Wimplicit-function-declaration]
    rValue = myrand[rand()%5];//产生1到4
    ^
../src/lab2.c:13:6: warning: variable 'psb_check' set but not used [-Wunused-but-set-variable]
  int psb_check;//button的返回值
      ^
'Finished building: ../src/lab2.c'
' '
'Building target: final3.elf'
'Invoking: ARM gcc linker'
arm-xilinx-eabi-gcc -Wl,-T -Wl,../src/lscript.ld -L../../standalone_bsp_0/ps7_cortexa9_0/lib -o "final3.elf"  ./src/lab2.o   -Wl,--start-group,-lxil,-lgcc,-lc,--end-group
'Finished building target: final3.elf'
' '
'Invoking: ARM Print Size'
arm-xilinx-eabi-size final3.elf  |tee "final3.elf.size"
   text	   data	    bss	    dec	    hex	filename
  24376	   1184	  29796	  55356	   d83c	final3.elf
'Finished building: final3.elf.size'
' '
17:56:26 **** Auto Build of configuration Debug for project final3 ****
make all 
'Building file: ../src/lab2.c'
'Invoking: ARM gcc compiler'
arm-xilinx-eabi-gcc -Wall -O0 -g3 -c -fmessage-length=0 -I../../standalone_bsp_0/ps7_cortexa9_0/include -MMD -MP -MF"src/lab2.d" -MT"src/lab2.d" -o "src/lab2.o" "../src/lab2.c"
In file included from ../src/xutil.h:112:0,
                 from ../src/lab2.c:3:
../../standalone_bsp_0/ps7_cortexa9_0/include/xbasic_types.h:124:2: warning: #warning The xbasics_type.h file is deprecated and users should use xil_types.h and xil_assert. [-Wcpp]
 #warning  The xbasics_type.h file is deprecated and users should use xil_types.h and xil_assert.
  ^
../../standalone_bsp_0/ps7_cortexa9_0/include/xbasic_types.h:125:2: warning: #warning Please refer the Standalone BSP UG647 for further details [-Wcpp]
 #warning  Please refer the Standalone BSP UG647 for further details
  ^
../src/lab2.c: In function 'main':
../src/lab2.c:40:4: warning: implicit declaration of function 'rand' [-Wimplicit-function-declaration]
    rValue = myrand[rand()%5];//产生1到4
    ^
'Finished building: ../src/lab2.c'
' '
'Building target: final3.elf'
'Invoking: ARM gcc linker'
arm-xilinx-eabi-gcc -Wl,-T -Wl,../src/lscript.ld -L../../standalone_bsp_0/ps7_cortexa9_0/lib -o "final3.elf"  ./src/lab2.o   -Wl,--start-group,-lxil,-lgcc,-lc,--end-group
'Finished building target: final3.elf'
' '
'Invoking: ARM Print Size'
arm-xilinx-eabi-size final3.elf  |tee "final3.elf.size"
   text	   data	    bss	    dec	    hex	filename
  24376	   1184	  29796	  55356	   d83c	final3.elf
'Finished building: final3.elf.size'
' '
17:56:44 **** Auto Build of configuration Debug for project final3 ****
make all 
'Building file: ../src/lab2.c'
'Invoking: ARM gcc compiler'
arm-xilinx-eabi-gcc -Wall -O0 -g3 -c -fmessage-length=0 -I../../standalone_bsp_0/ps7_cortexa9_0/include -MMD -MP -MF"src/lab2.d" -MT"src/lab2.d" -o "src/lab2.o" "../src/lab2.c"
In file included from ../src/xutil.h:112:0,
                 from ../src/lab2.c:3:
../../standalone_bsp_0/ps7_cortexa9_0/include/xbasic_types.h:124:2: warning: #warning The xbasics_type.h file is deprecated and users should use xil_types.h and xil_assert. [-Wcpp]
 #warning  The xbasics_type.h file is deprecated and users should use xil_types.h and xil_assert.
  ^
../../standalone_bsp_0/ps7_cortexa9_0/include/xbasic_types.h:125:2: warning: #warning Please refer the Standalone BSP UG647 for further details [-Wcpp]
 #warning  Please refer the Standalone BSP UG647 for further details
  ^
../src/lab2.c: In function 'main':
../src/lab2.c:41:4: warning: implicit declaration of function 'rand' [-Wimplicit-function-declaration]
    rValue = myrand[rand()%5];//产生1到4
    ^
'Finished building: ../src/lab2.c'
' '
'Building target: final3.elf'
'Invoking: ARM gcc linker'
arm-xilinx-eabi-gcc -Wl,-T -Wl,../src/lscript.ld -L../../standalone_bsp_0/ps7_cortexa9_0/lib -o "final3.elf"  ./src/lab2.o   -Wl,--start-group,-lxil,-lgcc,-lc,--end-group
'Finished building target: final3.elf'
' '
'Invoking: ARM Print Size'
arm-xilinx-eabi-size final3.elf  |tee "final3.elf.size"
   text	   data	    bss	    dec	    hex	filename
  24376	   1184	  29796	  55356	   d83c	final3.elf
'Finished building: final3.elf.size'
' '
17:57:16 **** Auto Build of configuration Debug for project final3 ****
make all 
'Building file: ../src/lab2.c'
'Invoking: ARM gcc compiler'
arm-xilinx-eabi-gcc -Wall -O0 -g3 -c -fmessage-length=0 -I../../standalone_bsp_0/ps7_cortexa9_0/include -MMD -MP -MF"src/lab2.d" -MT"src/lab2.d" -o "src/lab2.o" "../src/lab2.c"
In file included from ../src/xutil.h:112:0,
                 from ../src/lab2.c:3:
../../standalone_bsp_0/ps7_cortexa9_0/include/xbasic_types.h:124:2: warning: #warning The xbasics_type.h file is deprecated and users should use xil_types.h and xil_assert. [-Wcpp]
 #warning  The xbasics_type.h file is deprecated and users should use xil_types.h and xil_assert.
  ^
../../standalone_bsp_0/ps7_cortexa9_0/include/xbasic_types.h:125:2: warning: #warning Please refer the Standalone BSP UG647 for further details [-Wcpp]
 #warning  Please refer the Standalone BSP UG647 for further details
  ^
../src/lab2.c: In function 'main':
../src/lab2.c:41:4: warning: implicit declaration of function 'rand' [-Wimplicit-function-declaration]
    rValue = myrand[rand()%5];//产生1到4
    ^
'Finished building: ../src/lab2.c'
' '
'Building target: final3.elf'
'Invoking: ARM gcc linker'
arm-xilinx-eabi-gcc -Wl,-T -Wl,../src/lscript.ld -L../../standalone_bsp_0/ps7_cortexa9_0/lib -o "final3.elf"  ./src/lab2.o   -Wl,--start-group,-lxil,-lgcc,-lc,--end-group
'Finished building target: final3.elf'
' '
'Invoking: ARM Print Size'
arm-xilinx-eabi-size final3.elf  |tee "final3.elf.size"
   text	   data	    bss	    dec	    hex	filename
  24440	   1184	  29796	  55420	   d87c	final3.elf
'Finished building: final3.elf.size'
' '
17:57:33 **** Auto Build of configuration Debug for project final3 ****
make all 
'Building file: ../src/lab2.c'
'Invoking: ARM gcc compiler'
arm-xilinx-eabi-gcc -Wall -O0 -g3 -c -fmessage-length=0 -I../../standalone_bsp_0/ps7_cortexa9_0/include -MMD -MP -MF"src/lab2.d" -MT"src/lab2.d" -o "src/lab2.o" "../src/lab2.c"
In file included from ../src/xutil.h:112:0,
                 from ../src/lab2.c:3:
../../standalone_bsp_0/ps7_cortexa9_0/include/xbasic_types.h:124:2: warning: #warning The xbasics_type.h file is deprecated and users should use xil_types.h and xil_assert. [-Wcpp]
 #warning  The xbasics_type.h file is deprecated and users should use xil_types.h and xil_assert.
  ^
../../standalone_bsp_0/ps7_cortexa9_0/include/xbasic_types.h:125:2: warning: #warning Please refer the Standalone BSP UG647 for further details [-Wcpp]
 #warning  Please refer the Standalone BSP UG647 for further details
  ^
../src/lab2.c: In function 'main':
../src/lab2.c:41:4: warning: implicit declaration of function 'rand' [-Wimplicit-function-declaration]
    rValue = myrand[rand()%5];//产生1到4
    ^
'Finished building: ../src/lab2.c'
' '
'Building target: final3.elf'
'Invoking: ARM gcc linker'
arm-xilinx-eabi-gcc -Wl,-T -Wl,../src/lscript.ld -L../../standalone_bsp_0/ps7_cortexa9_0/lib -o "final3.elf"  ./src/lab2.o   -Wl,--start-group,-lxil,-lgcc,-lc,--end-group
'Finished building target: final3.elf'
' '
'Invoking: ARM Print Size'
arm-xilinx-eabi-size final3.elf  |tee "final3.elf.size"
   text	   data	    bss	    dec	    hex	filename
  24440	   1184	  29796	  55420	   d87c	final3.elf
'Finished building: final3.elf.size'
' '
17:59:15 **** Auto Build of configuration Debug for project final3 ****
make all 
'Building file: ../src/lab2.c'
'Invoking: ARM gcc compiler'
arm-xilinx-eabi-gcc -Wall -O0 -g3 -c -fmessage-length=0 -I../../standalone_bsp_0/ps7_cortexa9_0/include -MMD -MP -MF"src/lab2.d" -MT"src/lab2.d" -o "src/lab2.o" "../src/lab2.c"
In file included from ../src/xutil.h:112:0,
                 from ../src/lab2.c:3:
../../standalone_bsp_0/ps7_cortexa9_0/include/xbasic_types.h:124:2: warning: #warning The xbasics_type.h file is deprecated and users should use xil_types.h and xil_assert. [-Wcpp]
 #warning  The xbasics_type.h file is deprecated and users should use xil_types.h and xil_assert.
  ^
../../standalone_bsp_0/ps7_cortexa9_0/include/xbasic_types.h:125:2: warning: #warning Please refer the Standalone BSP UG647 for further details [-Wcpp]
 #warning  Please refer the Standalone BSP UG647 for further details
  ^
../src/lab2.c: In function 'main':
../src/lab2.c:41:4: warning: implicit declaration of function 'rand' [-Wimplicit-function-declaration]
    rValue = myrand[rand()%5];//产生1到4
    ^
../src/lab2.c:64:12: error: expected expression before ')' token
    else if()
            ^
make: *** [src/lab2.o] 错误 1
18:00:02 **** Auto Build of configuration Debug for project final3 ****
make all 
'Building file: ../src/lab2.c'
'Invoking: ARM gcc compiler'
arm-xilinx-eabi-gcc -Wall -O0 -g3 -c -fmessage-length=0 -I../../standalone_bsp_0/ps7_cortexa9_0/include -MMD -MP -MF"src/lab2.d" -MT"src/lab2.d" -o "src/lab2.o" "../src/lab2.c"
In file included from ../src/xutil.h:112:0,
                 from ../src/lab2.c:3:
../../standalone_bsp_0/ps7_cortexa9_0/include/xbasic_types.h:124:2: warning: #warning The xbasics_type.h file is deprecated and users should use xil_types.h and xil_assert. [-Wcpp]
 #warning  The xbasics_type.h file is deprecated and users should use xil_types.h and xil_assert.
  ^
../../standalone_bsp_0/ps7_cortexa9_0/include/xbasic_types.h:125:2: warning: #warning Please refer the Standalone BSP UG647 for further details [-Wcpp]
 #warning  Please refer the Standalone BSP UG647 for further details
  ^
../src/lab2.c: In function 'main':
../src/lab2.c:41:4: warning: implicit declaration of function 'rand' [-Wimplicit-function-declaration]
    rValue = myrand[rand()%5];//产生1到4
    ^
'Finished building: ../src/lab2.c'
' '
'Building target: final3.elf'
'Invoking: ARM gcc linker'
arm-xilinx-eabi-gcc -Wl,-T -Wl,../src/lscript.ld -L../../standalone_bsp_0/ps7_cortexa9_0/lib -o "final3.elf"  ./src/lab2.o   -Wl,--start-group,-lxil,-lgcc,-lc,--end-group
'Finished building target: final3.elf'
' '
'Invoking: ARM Print Size'
arm-xilinx-eabi-size final3.elf  |tee "final3.elf.size"
   text	   data	    bss	    dec	    hex	filename
  24760	   1184	  29796	  55740	   d9bc	final3.elf
'Finished building: final3.elf.size'
' '
18:00:27 **** Auto Build of configuration Debug for project final3 ****
make all 
'Building file: ../src/lab2.c'
'Invoking: ARM gcc compiler'
arm-xilinx-eabi-gcc -Wall -O0 -g3 -c -fmessage-length=0 -I../../standalone_bsp_0/ps7_cortexa9_0/include -MMD -MP -MF"src/lab2.d" -MT"src/lab2.d" -o "src/lab2.o" "../src/lab2.c"
In file included from ../src/xutil.h:112:0,
                 from ../src/lab2.c:3:
../../standalone_bsp_0/ps7_cortexa9_0/include/xbasic_types.h:124:2: warning: #warning The xbasics_type.h file is deprecated and users should use xil_types.h and xil_assert. [-Wcpp]
 #warning  The xbasics_type.h file is deprecated and users should use xil_types.h and xil_assert.
  ^
../../standalone_bsp_0/ps7_cortexa9_0/include/xbasic_types.h:125:2: warning: #warning Please refer the Standalone BSP UG647 for further details [-Wcpp]
 #warning  Please refer the Standalone BSP UG647 for further details
  ^
../src/lab2.c: In function 'main':
../src/lab2.c:41:4: warning: implicit declaration of function 'rand' [-Wimplicit-function-declaration]
    rValue = myrand[rand()%5];//产生1到4
    ^
'Finished building: ../src/lab2.c'
' '
'Building target: final3.elf'
'Invoking: ARM gcc linker'
arm-xilinx-eabi-gcc -Wl,-T -Wl,../src/lscript.ld -L../../standalone_bsp_0/ps7_cortexa9_0/lib -o "final3.elf"  ./src/lab2.o   -Wl,--start-group,-lxil,-lgcc,-lc,--end-group
'Finished building target: final3.elf'
' '
'Invoking: ARM Print Size'
arm-xilinx-eabi-size final3.elf  |tee "final3.elf.size"
   text	   data	    bss	    dec	    hex	filename
  24760	   1184	  29796	  55740	   d9bc	final3.elf
'Finished building: final3.elf.size'
' '
18:01:07 **** Auto Build of configuration Debug for project final3 ****
make all 
'Building file: ../src/lab2.c'
'Invoking: ARM gcc compiler'
arm-xilinx-eabi-gcc -Wall -O0 -g3 -c -fmessage-length=0 -I../../standalone_bsp_0/ps7_cortexa9_0/include -MMD -MP -MF"src/lab2.d" -MT"src/lab2.d" -o "src/lab2.o" "../src/lab2.c"
In file included from ../src/xutil.h:112:0,
                 from ../src/lab2.c:3:
../../standalone_bsp_0/ps7_cortexa9_0/include/xbasic_types.h:124:2: warning: #warning The xbasics_type.h file is deprecated and users should use xil_types.h and xil_assert. [-Wcpp]
 #warning  The xbasics_type.h file is deprecated and users should use xil_types.h and xil_assert.
  ^
../../standalone_bsp_0/ps7_cortexa9_0/include/xbasic_types.h:125:2: warning: #warning Please refer the Standalone BSP UG647 for further details [-Wcpp]
 #warning  Please refer the Standalone BSP UG647 for further details
  ^
../src/lab2.c: In function 'main':
../src/lab2.c:41:4: warning: implicit declaration of function 'rand' [-Wimplicit-function-declaration]
    rValue = myrand[rand()%5];//产生1到4
    ^
../src/lab2.c:85:5: error: expected '}' before 'else'
     else if(rValue == 3)
     ^
make: *** [src/lab2.o] 错误 1
18:01:24 **** Auto Build of configuration Debug for project final3 ****
make all 
'Building file: ../src/lab2.c'
'Invoking: ARM gcc compiler'
arm-xilinx-eabi-gcc -Wall -O0 -g3 -c -fmessage-length=0 -I../../standalone_bsp_0/ps7_cortexa9_0/include -MMD -MP -MF"src/lab2.d" -MT"src/lab2.d" -o "src/lab2.o" "../src/lab2.c"
In file included from ../src/xutil.h:112:0,
                 from ../src/lab2.c:3:
../../standalone_bsp_0/ps7_cortexa9_0/include/xbasic_types.h:124:2: warning: #warning The xbasics_type.h file is deprecated and users should use xil_types.h and xil_assert. [-Wcpp]
 #warning  The xbasics_type.h file is deprecated and users should use xil_types.h and xil_assert.
  ^
../../standalone_bsp_0/ps7_cortexa9_0/include/xbasic_types.h:125:2: warning: #warning Please refer the Standalone BSP UG647 for further details [-Wcpp]
 #warning  Please refer the Standalone BSP UG647 for further details
  ^
../src/lab2.c: In function 'main':
../src/lab2.c:41:4: warning: implicit declaration of function 'rand' [-Wimplicit-function-declaration]
    rValue = myrand[rand()%5];//产生1到4
    ^
../src/lab2.c:85:5: error: expected '}' before 'else'
     else if(rValue == 3)
     ^
../src/lab2.c:12:6: warning: unused variable 'i' [-Wunused-variable]
  int i;
      ^
../src/lab2.c: At top level:
../src/lab2.c:113:2: error: expected identifier or '(' before 'while'
  while (1)
  ^
../src/lab2.c:198:1: error: expected identifier or '(' before '}' token
 }
 ^
make: *** [src/lab2.o] 错误 1
18:01:59 **** Auto Build of configuration Debug for project final3 ****
make all 
'Building file: ../src/lab2.c'
'Invoking: ARM gcc compiler'
arm-xilinx-eabi-gcc -Wall -O0 -g3 -c -fmessage-length=0 -I../../standalone_bsp_0/ps7_cortexa9_0/include -MMD -MP -MF"src/lab2.d" -MT"src/lab2.d" -o "src/lab2.o" "../src/lab2.c"
In file included from ../src/xutil.h:112:0,
                 from ../src/lab2.c:3:
../../standalone_bsp_0/ps7_cortexa9_0/include/xbasic_types.h:124:2: warning: #warning The xbasics_type.h file is deprecated and users should use xil_types.h and xil_assert. [-Wcpp]
 #warning  The xbasics_type.h file is deprecated and users should use xil_types.h and xil_assert.
  ^
../../standalone_bsp_0/ps7_cortexa9_0/include/xbasic_types.h:125:2: warning: #warning Please refer the Standalone BSP UG647 for further details [-Wcpp]
 #warning  Please refer the Standalone BSP UG647 for further details
  ^
../src/lab2.c: In function 'main':
../src/lab2.c:41:4: warning: implicit declaration of function 'rand' [-Wimplicit-function-declaration]
    rValue = myrand[rand()%5];//产生1到4
    ^
../src/lab2.c:12:6: warning: unused variable 'i' [-Wunused-variable]
  int i;
      ^
'Finished building: ../src/lab2.c'
' '
'Building target: final3.elf'
'Invoking: ARM gcc linker'
arm-xilinx-eabi-gcc -Wl,-T -Wl,../src/lscript.ld -L../../standalone_bsp_0/ps7_cortexa9_0/lib -o "final3.elf"  ./src/lab2.o   -Wl,--start-group,-lxil,-lgcc,-lc,--end-group
'Finished building target: final3.elf'
' '
'Invoking: ARM Print Size'
arm-xilinx-eabi-size final3.elf  |tee "final3.elf.size"
   text	   data	    bss	    dec	    hex	filename
  24760	   1184	  29796	  55740	   d9bc	final3.elf
'Finished building: final3.elf.size'
' '
18:02:32 **** Auto Build of configuration Debug for project final3 ****
make all 
'Building file: ../src/lab2.c'
'Invoking: ARM gcc compiler'
arm-xilinx-eabi-gcc -Wall -O0 -g3 -c -fmessage-length=0 -I../../standalone_bsp_0/ps7_cortexa9_0/include -MMD -MP -MF"src/lab2.d" -MT"src/lab2.d" -o "src/lab2.o" "../src/lab2.c"
In file included from ../src/xutil.h:112:0,
                 from ../src/lab2.c:3:
../../standalone_bsp_0/ps7_cortexa9_0/include/xbasic_types.h:124:2: warning: #warning The xbasics_type.h file is deprecated and users should use xil_types.h and xil_assert. [-Wcpp]
 #warning  The xbasics_type.h file is deprecated and users should use xil_types.h and xil_assert.
  ^
../../standalone_bsp_0/ps7_cortexa9_0/include/xbasic_types.h:125:2: warning: #warning Please refer the Standalone BSP UG647 for further details [-Wcpp]
 #warning  Please refer the Standalone BSP UG647 for further details
  ^
../src/lab2.c: In function 'main':
../src/lab2.c:41:4: warning: implicit declaration of function 'rand' [-Wimplicit-function-declaration]
    rValue = myrand[rand()%5];//产生1到4
    ^
../src/lab2.c:12:6: warning: unused variable 'i' [-Wunused-variable]
  int i;
      ^
'Finished building: ../src/lab2.c'
' '
'Building target: final3.elf'
'Invoking: ARM gcc linker'
arm-xilinx-eabi-gcc -Wl,-T -Wl,../src/lscript.ld -L../../standalone_bsp_0/ps7_cortexa9_0/lib -o "final3.elf"  ./src/lab2.o   -Wl,--start-group,-lxil,-lgcc,-lc,--end-group
'Finished building target: final3.elf'
' '
'Invoking: ARM Print Size'
arm-xilinx-eabi-size final3.elf  |tee "final3.elf.size"
   text	   data	    bss	    dec	    hex	filename
  25016	   1184	  29796	  55996	   dabc	final3.elf
'Finished building: final3.elf.size'
' '
18:05:42 **** Auto Build of configuration Debug for project final3 ****
make all 
'Building file: ../src/lab2.c'
'Invoking: ARM gcc compiler'
arm-xilinx-eabi-gcc -Wall -O0 -g3 -c -fmessage-length=0 -I../../standalone_bsp_0/ps7_cortexa9_0/include -MMD -MP -MF"src/lab2.d" -MT"src/lab2.d" -o "src/lab2.o" "../src/lab2.c"
In file included from ../src/xutil.h:112:0,
                 from ../src/lab2.c:3:
../../standalone_bsp_0/ps7_cortexa9_0/include/xbasic_types.h:124:2: warning: #warning The xbasics_type.h file is deprecated and users should use xil_types.h and xil_assert. [-Wcpp]
 #warning  The xbasics_type.h file is deprecated and users should use xil_types.h and xil_assert.
  ^
../../standalone_bsp_0/ps7_cortexa9_0/include/xbasic_types.h:125:2: warning: #warning Please refer the Standalone BSP UG647 for further details [-Wcpp]
 #warning  Please refer the Standalone BSP UG647 for further details
  ^
../src/lab2.c: In function 'main':
../src/lab2.c:41:4: warning: implicit declaration of function 'rand' [-Wimplicit-function-declaration]
    rValue = myrand[rand()%5];//产生1到4
    ^
../src/lab2.c:12:6: warning: unused variable 'i' [-Wunused-variable]
  int i;
      ^
'Finished building: ../src/lab2.c'
' '
'Building target: final3.elf'
'Invoking: ARM gcc linker'
arm-xilinx-eabi-gcc -Wl,-T -Wl,../src/lscript.ld -L../../standalone_bsp_0/ps7_cortexa9_0/lib -o "final3.elf"  ./src/lab2.o   -Wl,--start-group,-lxil,-lgcc,-lc,--end-group
'Finished building target: final3.elf'
' '
'Invoking: ARM Print Size'
arm-xilinx-eabi-size final3.elf  |tee "final3.elf.size"
   text	   data	    bss	    dec	    hex	filename
  25208	   1184	  29796	  56188	   db7c	final3.elf
'Finished building: final3.elf.size'
' '
18:06:58 **** Incremental Build of configuration Debug for project final3 ****
make all 
make: Nothing to be done for `all'.
18:08:00 **** Auto Build of configuration Debug for project final3 ****
make all 
'Building file: ../src/lab2.c'
'Invoking: ARM gcc compiler'
arm-xilinx-eabi-gcc -Wall -O0 -g3 -c -fmessage-length=0 -I../../standalone_bsp_0/ps7_cortexa9_0/include -MMD -MP -MF"src/lab2.d" -MT"src/lab2.d" -o "src/lab2.o" "../src/lab2.c"
In file included from ../src/xutil.h:112:0,
                 from ../src/lab2.c:3:
../../standalone_bsp_0/ps7_cortexa9_0/include/xbasic_types.h:124:2: warning: #warning The xbasics_type.h file is deprecated and users should use xil_types.h and xil_assert. [-Wcpp]
 #warning  The xbasics_type.h file is deprecated and users should use xil_types.h and xil_assert.
  ^
../../standalone_bsp_0/ps7_cortexa9_0/include/xbasic_types.h:125:2: warning: #warning Please refer the Standalone BSP UG647 for further details [-Wcpp]
 #warning  Please refer the Standalone BSP UG647 for further details
  ^
../src/lab2.c: In function 'main':
../src/lab2.c:42:4: warning: implicit declaration of function 'rand' [-Wimplicit-function-declaration]
    rValue = myrand[rand()%5];//产生1到4
    ^
../src/lab2.c:37:7: warning: unused variable 'first' [-Wunused-variable]
   int first =1;
       ^
../src/lab2.c:12:6: warning: unused variable 'i' [-Wunused-variable]
  int i;
      ^
'Finished building: ../src/lab2.c'
' '
'Building target: final3.elf'
'Invoking: ARM gcc linker'
arm-xilinx-eabi-gcc -Wl,-T -Wl,../src/lscript.ld -L../../standalone_bsp_0/ps7_cortexa9_0/lib -o "final3.elf"  ./src/lab2.o   -Wl,--start-group,-lxil,-lgcc,-lc,--end-group
'Finished building target: final3.elf'
' '
'Invoking: ARM Print Size'
arm-xilinx-eabi-size final3.elf  |tee "final3.elf.size"
   text	   data	    bss	    dec	    hex	filename
  25272	   1184	  29796	  56252	   dbbc	final3.elf
'Finished building: final3.elf.size'
' '
18:09:16 **** Auto Build of configuration Debug for project final3 ****
make all 
'Building file: ../src/lab2.c'
'Invoking: ARM gcc compiler'
arm-xilinx-eabi-gcc -Wall -O0 -g3 -c -fmessage-length=0 -I../../standalone_bsp_0/ps7_cortexa9_0/include -MMD -MP -MF"src/lab2.d" -MT"src/lab2.d" -o "src/lab2.o" "../src/lab2.c"
In file included from ../src/xutil.h:112:0,
                 from ../src/lab2.c:3:
../../standalone_bsp_0/ps7_cortexa9_0/include/xbasic_types.h:124:2: warning: #warning The xbasics_type.h file is deprecated and users should use xil_types.h and xil_assert. [-Wcpp]
 #warning  The xbasics_type.h file is deprecated and users should use xil_types.h and xil_assert.
  ^
../../standalone_bsp_0/ps7_cortexa9_0/include/xbasic_types.h:125:2: warning: #warning Please refer the Standalone BSP UG647 for further details [-Wcpp]
 #warning  Please refer the Standalone BSP UG647 for further details
  ^
../src/lab2.c: In function 'main':
../src/lab2.c:42:4: warning: implicit declaration of function 'rand' [-Wimplicit-function-declaration]
    rValue = myrand[rand()%5];//产生1到4
    ^
../src/lab2.c:12:6: warning: unused variable 'i' [-Wunused-variable]
  int i;
      ^
'Finished building: ../src/lab2.c'
' '
'Building target: final3.elf'
'Invoking: ARM gcc linker'
arm-xilinx-eabi-gcc -Wl,-T -Wl,../src/lscript.ld -L../../standalone_bsp_0/ps7_cortexa9_0/lib -o "final3.elf"  ./src/lab2.o   -Wl,--start-group,-lxil,-lgcc,-lc,--end-group
'Finished building target: final3.elf'
' '
'Invoking: ARM Print Size'
arm-xilinx-eabi-size final3.elf  |tee "final3.elf.size"
   text	   data	    bss	    dec	    hex	filename
  25336	   1184	  29796	  56316	   dbfc	final3.elf
'Finished building: final3.elf.size'
' '
18:09:21 **** Auto Build of configuration Debug for project final3 ****
make all 
'Building file: ../src/lab2.c'
'Invoking: ARM gcc compiler'
arm-xilinx-eabi-gcc -Wall -O0 -g3 -c -fmessage-length=0 -I../../standalone_bsp_0/ps7_cortexa9_0/include -MMD -MP -MF"src/lab2.d" -MT"src/lab2.d" -o "src/lab2.o" "../src/lab2.c"
In file included from ../src/xutil.h:112:0,
                 from ../src/lab2.c:3:
../../standalone_bsp_0/ps7_cortexa9_0/include/xbasic_types.h:124:2: warning: #warning The xbasics_type.h file is deprecated and users should use xil_types.h and xil_assert. [-Wcpp]
 #warning  The xbasics_type.h file is deprecated and users should use xil_types.h and xil_assert.
  ^
../../standalone_bsp_0/ps7_cortexa9_0/include/xbasic_types.h:125:2: warning: #warning Please refer the Standalone BSP UG647 for further details [-Wcpp]
 #warning  Please refer the Standalone BSP UG647 for further details
  ^
../src/lab2.c: In function 'main':
../src/lab2.c:42:4: warning: implicit declaration of function 'rand' [-Wimplicit-function-declaration]
    rValue = myrand[rand()%5];//产生1到4
    ^
../src/lab2.c:12:6: warning: unused variable 'i' [-Wunused-variable]
  int i;
      ^
'Finished building: ../src/lab2.c'
' '
'Building target: final3.elf'
'Invoking: ARM gcc linker'
arm-xilinx-eabi-gcc -Wl,-T -Wl,../src/lscript.ld -L../../standalone_bsp_0/ps7_cortexa9_0/lib -o "final3.elf"  ./src/lab2.o   -Wl,--start-group,-lxil,-lgcc,-lc,--end-group
'Finished building target: final3.elf'
' '
'Invoking: ARM Print Size'
arm-xilinx-eabi-size final3.elf  |tee "final3.elf.size"
   text	   data	    bss	    dec	    hex	filename
  25336	   1184	  29796	  56316	   dbfc	final3.elf
'Finished building: final3.elf.size'
' '
18:12:23 **** Auto Build of configuration Debug for project final3 ****
make all 
'Building file: ../src/lab2.c'
'Invoking: ARM gcc compiler'
arm-xilinx-eabi-gcc -Wall -O0 -g3 -c -fmessage-length=0 -I../../standalone_bsp_0/ps7_cortexa9_0/include -MMD -MP -MF"src/lab2.d" -MT"src/lab2.d" -o "src/lab2.o" "../src/lab2.c"
In file included from ../src/xutil.h:112:0,
                 from ../src/lab2.c:3:
../../standalone_bsp_0/ps7_cortexa9_0/include/xbasic_types.h:124:2: warning: #warning The xbasics_type.h file is deprecated and users should use xil_types.h and xil_assert. [-Wcpp]
 #warning  The xbasics_type.h file is deprecated and users should use xil_types.h and xil_assert.
  ^
../../standalone_bsp_0/ps7_cortexa9_0/include/xbasic_types.h:125:2: warning: #warning Please refer the Standalone BSP UG647 for further details [-Wcpp]
 #warning  Please refer the Standalone BSP UG647 for further details
  ^
../src/lab2.c: In function 'main':
../src/lab2.c:42:4: warning: implicit declaration of function 'rand' [-Wimplicit-function-declaration]
    rValue = myrand[rand()%5];//产生1到4
    ^
../src/lab2.c:37:7: warning: unused variable 'first' [-Wunused-variable]
   int first =1;
       ^
../src/lab2.c:12:6: warning: unused variable 'i' [-Wunused-variable]
  int i;
      ^
'Finished building: ../src/lab2.c'
' '
'Building target: final3.elf'
'Invoking: ARM gcc linker'
arm-xilinx-eabi-gcc -Wl,-T -Wl,../src/lscript.ld -L../../standalone_bsp_0/ps7_cortexa9_0/lib -o "final3.elf"  ./src/lab2.o   -Wl,--start-group,-lxil,-lgcc,-lc,--end-group
'Finished building target: final3.elf'
' '
'Invoking: ARM Print Size'
arm-xilinx-eabi-size final3.elf  |tee "final3.elf.size"
   text	   data	    bss	    dec	    hex	filename
  25272	   1184	  29796	  56252	   dbbc	final3.elf
'Finished building: final3.elf.size'
' '
18:14:39 **** Auto Build of configuration Debug for project final3 ****
make all 
'Building file: ../src/lab2.c'
'Invoking: ARM gcc compiler'
arm-xilinx-eabi-gcc -Wall -O0 -g3 -c -fmessage-length=0 -I../../standalone_bsp_0/ps7_cortexa9_0/include -MMD -MP -MF"src/lab2.d" -MT"src/lab2.d" -o "src/lab2.o" "../src/lab2.c"
In file included from ../src/xutil.h:112:0,
                 from ../src/lab2.c:3:
../../standalone_bsp_0/ps7_cortexa9_0/include/xbasic_types.h:124:2: warning: #warning The xbasics_type.h file is deprecated and users should use xil_types.h and xil_assert. [-Wcpp]
 #warning  The xbasics_type.h file is deprecated and users should use xil_types.h and xil_assert.
  ^
../../standalone_bsp_0/ps7_cortexa9_0/include/xbasic_types.h:125:2: warning: #warning Please refer the Standalone BSP UG647 for further details [-Wcpp]
 #warning  Please refer the Standalone BSP UG647 for further details
  ^
../src/lab2.c: In function 'main':
../src/lab2.c:42:4: warning: implicit declaration of function 'rand' [-Wimplicit-function-declaration]
    rValue = myrand[rand()%5];//产生1到4
    ^
../src/lab2.c:37:7: warning: unused variable 'first' [-Wunused-variable]
   int first =1;
       ^
../src/lab2.c:12:6: warning: unused variable 'i' [-Wunused-variable]
  int i;
      ^
'Finished building: ../src/lab2.c'
' '
'Building target: final3.elf'
'Invoking: ARM gcc linker'
arm-xilinx-eabi-gcc -Wl,-T -Wl,../src/lscript.ld -L../../standalone_bsp_0/ps7_cortexa9_0/lib -o "final3.elf"  ./src/lab2.o   -Wl,--start-group,-lxil,-lgcc,-lc,--end-group
'Finished building target: final3.elf'
' '
'Invoking: ARM Print Size'
arm-xilinx-eabi-size final3.elf  |tee "final3.elf.size"
   text	   data	    bss	    dec	    hex	filename
  25272	   1184	  29796	  56252	   dbbc	final3.elf
'Finished building: final3.elf.size'
' '
18:17:12 **** Auto Build of configuration Debug for project final3 ****
make all 
'Building file: ../src/lab2.c'
'Invoking: ARM gcc compiler'
arm-xilinx-eabi-gcc -Wall -O0 -g3 -c -fmessage-length=0 -I../../standalone_bsp_0/ps7_cortexa9_0/include -MMD -MP -MF"src/lab2.d" -MT"src/lab2.d" -o "src/lab2.o" "../src/lab2.c"
In file included from ../src/xutil.h:112:0,
                 from ../src/lab2.c:3:
../../standalone_bsp_0/ps7_cortexa9_0/include/xbasic_types.h:124:2: warning: #warning The xbasics_type.h file is deprecated and users should use xil_types.h and xil_assert. [-Wcpp]
 #warning  The xbasics_type.h file is deprecated and users should use xil_types.h and xil_assert.
  ^
../../standalone_bsp_0/ps7_cortexa9_0/include/xbasic_types.h:125:2: warning: #warning Please refer the Standalone BSP UG647 for further details [-Wcpp]
 #warning  Please refer the Standalone BSP UG647 for further details
  ^
../src/lab2.c: In function 'main':
../src/lab2.c:42:4: warning: implicit declaration of function 'rand' [-Wimplicit-function-declaration]
    rValue = myrand[rand()%5];//产生1到4
    ^
../src/lab2.c:37:7: warning: unused variable 'first' [-Wunused-variable]
   int first =1;
       ^
../src/lab2.c:12:6: warning: unused variable 'i' [-Wunused-variable]
  int i;
      ^
'Finished building: ../src/lab2.c'
' '
'Building target: final3.elf'
'Invoking: ARM gcc linker'
arm-xilinx-eabi-gcc -Wl,-T -Wl,../src/lscript.ld -L../../standalone_bsp_0/ps7_cortexa9_0/lib -o "final3.elf"  ./src/lab2.o   -Wl,--start-group,-lxil,-lgcc,-lc,--end-group
'Finished building target: final3.elf'
' '
'Invoking: ARM Print Size'
arm-xilinx-eabi-size final3.elf  |tee "final3.elf.size"
   text	   data	    bss	    dec	    hex	filename
  25272	   1184	  29796	  56252	   dbbc	final3.elf
'Finished building: final3.elf.size'
' '
18:18:43 **** Auto Build of configuration Debug for project final3 ****
make all 
'Building file: ../src/lab2.c'
'Invoking: ARM gcc compiler'
arm-xilinx-eabi-gcc -Wall -O0 -g3 -c -fmessage-length=0 -I../../standalone_bsp_0/ps7_cortexa9_0/include -MMD -MP -MF"src/lab2.d" -MT"src/lab2.d" -o "src/lab2.o" "../src/lab2.c"
In file included from ../src/xutil.h:112:0,
                 from ../src/lab2.c:3:
../../standalone_bsp_0/ps7_cortexa9_0/include/xbasic_types.h:124:2: warning: #warning The xbasics_type.h file is deprecated and users should use xil_types.h and xil_assert. [-Wcpp]
 #warning  The xbasics_type.h file is deprecated and users should use xil_types.h and xil_assert.
  ^
../../standalone_bsp_0/ps7_cortexa9_0/include/xbasic_types.h:125:2: warning: #warning Please refer the Standalone BSP UG647 for further details [-Wcpp]
 #warning  Please refer the Standalone BSP UG647 for further details
  ^
../src/lab2.c: In function 'main':
../src/lab2.c:42:4: warning: implicit declaration of function 'rand' [-Wimplicit-function-declaration]
    rValue = myrand[rand()%5];//产生1到4
    ^
../src/lab2.c:37:7: warning: unused variable 'first' [-Wunused-variable]
   int first =1;
       ^
../src/lab2.c:12:6: warning: unused variable 'i' [-Wunused-variable]
  int i;
      ^
'Finished building: ../src/lab2.c'
' '
'Building target: final3.elf'
'Invoking: ARM gcc linker'
arm-xilinx-eabi-gcc -Wl,-T -Wl,../src/lscript.ld -L../../standalone_bsp_0/ps7_cortexa9_0/lib -o "final3.elf"  ./src/lab2.o   -Wl,--start-group,-lxil,-lgcc,-lc,--end-group
'Finished building target: final3.elf'
' '
'Invoking: ARM Print Size'
arm-xilinx-eabi-size final3.elf  |tee "final3.elf.size"
   text	   data	    bss	    dec	    hex	filename
  25336	   1184	  29796	  56316	   dbfc	final3.elf
'Finished building: final3.elf.size'
' '
18:19:11 **** Incremental Build of configuration Debug for project final3 ****
make all 
make: Nothing to be done for `all'.
18:22:06 **** Incremental Build of configuration Debug for project final3 ****
make all 
make: Nothing to be done for `all'.
18:26:43 **** Auto Build of configuration Debug for project final3 ****
make all 
'Building file: ../src/lab2.c'
'Invoking: ARM gcc compiler'
arm-xilinx-eabi-gcc -Wall -O0 -g3 -c -fmessage-length=0 -I../../standalone_bsp_0/ps7_cortexa9_0/include -MMD -MP -MF"src/lab2.d" -MT"src/lab2.d" -o "src/lab2.o" "../src/lab2.c"
In file included from ../src/xutil.h:112:0,
                 from ../src/lab2.c:3:
../../standalone_bsp_0/ps7_cortexa9_0/include/xbasic_types.h:124:2: warning: #warning The xbasics_type.h file is deprecated and users should use xil_types.h and xil_assert. [-Wcpp]
 #warning  The xbasics_type.h file is deprecated and users should use xil_types.h and xil_assert.
  ^
../../standalone_bsp_0/ps7_cortexa9_0/include/xbasic_types.h:125:2: warning: #warning Please refer the Standalone BSP UG647 for further details [-Wcpp]
 #warning  Please refer the Standalone BSP UG647 for further details
  ^
../src/lab2.c: In function 'main':
../src/lab2.c:41:4: warning: implicit declaration of function 'rand' [-Wimplicit-function-declaration]
    rValue = myrand[rand()%5];//产生1到4
    ^
../src/lab2.c:12:6: warning: unused variable 'i' [-Wunused-variable]
  int i;
      ^
'Finished building: ../src/lab2.c'
' '
'Building target: final3.elf'
'Invoking: ARM gcc linker'
arm-xilinx-eabi-gcc -Wl,-T -Wl,../src/lscript.ld -L../../standalone_bsp_0/ps7_cortexa9_0/lib -o "final3.elf"  ./src/lab2.o   -Wl,--start-group,-lxil,-lgcc,-lc,--end-group
'Finished building target: final3.elf'
' '
'Invoking: ARM Print Size'
arm-xilinx-eabi-size final3.elf  |tee "final3.elf.size"
   text	   data	    bss	    dec	    hex	filename
  25336	   1184	  29796	  56316	   dbfc	final3.elf
'Finished building: final3.elf.size'
' '
18:27:56 **** Auto Build of configuration Debug for project final3 ****
make all 
'Building file: ../src/lab2.c'
'Invoking: ARM gcc compiler'
arm-xilinx-eabi-gcc -Wall -O0 -g3 -c -fmessage-length=0 -I../../standalone_bsp_0/ps7_cortexa9_0/include -MMD -MP -MF"src/lab2.d" -MT"src/lab2.d" -o "src/lab2.o" "../src/lab2.c"
In file included from ../src/xutil.h:112:0,
                 from ../src/lab2.c:3:
../../standalone_bsp_0/ps7_cortexa9_0/include/xbasic_types.h:124:2: warning: #warning The xbasics_type.h file is deprecated and users should use xil_types.h and xil_assert. [-Wcpp]
 #warning  The xbasics_type.h file is deprecated and users should use xil_types.h and xil_assert.
  ^
../../standalone_bsp_0/ps7_cortexa9_0/include/xbasic_types.h:125:2: warning: #warning Please refer the Standalone BSP UG647 for further details [-Wcpp]
 #warning  Please refer the Standalone BSP UG647 for further details
  ^
../src/lab2.c: In function 'main':
../src/lab2.c:41:4: warning: implicit declaration of function 'rand' [-Wimplicit-function-declaration]
    rValue = myrand[rand()%5];//产生1到4
    ^
../src/lab2.c:42:4: error: 'rVaule' undeclared (first use in this function)
    rVaule=1;
    ^
../src/lab2.c:42:4: note: each undeclared identifier is reported only once for each function it appears in
../src/lab2.c:12:6: warning: unused variable 'i' [-Wunused-variable]
  int i;
      ^
make: *** [src/lab2.o] 错误 1
18:28:08 **** Auto Build of configuration Debug for project final3 ****
make all 
'Building file: ../src/lab2.c'
'Invoking: ARM gcc compiler'
arm-xilinx-eabi-gcc -Wall -O0 -g3 -c -fmessage-length=0 -I../../standalone_bsp_0/ps7_cortexa9_0/include -MMD -MP -MF"src/lab2.d" -MT"src/lab2.d" -o "src/lab2.o" "../src/lab2.c"
In file included from ../src/xutil.h:112:0,
                 from ../src/lab2.c:3:
../../standalone_bsp_0/ps7_cortexa9_0/include/xbasic_types.h:124:2: warning: #warning The xbasics_type.h file is deprecated and users should use xil_types.h and xil_assert. [-Wcpp]
 #warning  The xbasics_type.h file is deprecated and users should use xil_types.h and xil_assert.
  ^
../../standalone_bsp_0/ps7_cortexa9_0/include/xbasic_types.h:125:2: warning: #warning Please refer the Standalone BSP UG647 for further details [-Wcpp]
 #warning  Please refer the Standalone BSP UG647 for further details
  ^
../src/lab2.c: In function 'main':
../src/lab2.c:41:4: warning: implicit declaration of function 'rand' [-Wimplicit-function-declaration]
    rValue = myrand[rand()%5];//产生1到4
    ^
../src/lab2.c:42:4: error: 'rVaule' undeclared (first use in this function)
    rVaule = 1;//debug用
    ^
../src/lab2.c:42:4: note: each undeclared identifier is reported only once for each function it appears in
../src/lab2.c:12:6: warning: unused variable 'i' [-Wunused-variable]
  int i;
      ^
make: *** [src/lab2.o] 错误 1
18:28:11 **** Auto Build of configuration Debug for project final3 ****
make all 
'Building file: ../src/lab2.c'
'Invoking: ARM gcc compiler'
arm-xilinx-eabi-gcc -Wall -O0 -g3 -c -fmessage-length=0 -I../../standalone_bsp_0/ps7_cortexa9_0/include -MMD -MP -MF"src/lab2.d" -MT"src/lab2.d" -o "src/lab2.o" "../src/lab2.c"
In file included from ../src/xutil.h:112:0,
                 from ../src/lab2.c:3:
../../standalone_bsp_0/ps7_cortexa9_0/include/xbasic_types.h:124:2: warning: #warning The xbasics_type.h file is deprecated and users should use xil_types.h and xil_assert. [-Wcpp]
 #warning  The xbasics_type.h file is deprecated and users should use xil_types.h and xil_assert.
  ^
../../standalone_bsp_0/ps7_cortexa9_0/include/xbasic_types.h:125:2: warning: #warning Please refer the Standalone BSP UG647 for further details [-Wcpp]
 #warning  Please refer the Standalone BSP UG647 for further details
  ^
../src/lab2.c: In function 'main':
../src/lab2.c:42:4: error: 'rVaule' undeclared (first use in this function)
    rVaule = 1;//debug用
    ^
../src/lab2.c:42:4: note: each undeclared identifier is reported only once for each function it appears in
../src/lab2.c:33:6: warning: unused variable 'myrand' [-Wunused-variable]
  int myrand[5]={0,1,2,3,4};
      ^
../src/lab2.c:12:6: warning: unused variable 'i' [-Wunused-variable]
  int i;
      ^
make: *** [src/lab2.o] 错误 1
18:28:29 **** Auto Build of configuration Debug for project final3 ****
make all 
'Building file: ../src/lab2.c'
'Invoking: ARM gcc compiler'
arm-xilinx-eabi-gcc -Wall -O0 -g3 -c -fmessage-length=0 -I../../standalone_bsp_0/ps7_cortexa9_0/include -MMD -MP -MF"src/lab2.d" -MT"src/lab2.d" -o "src/lab2.o" "../src/lab2.c"
In file included from ../src/xutil.h:112:0,
                 from ../src/lab2.c:3:
../../standalone_bsp_0/ps7_cortexa9_0/include/xbasic_types.h:124:2: warning: #warning The xbasics_type.h file is deprecated and users should use xil_types.h and xil_assert. [-Wcpp]
 #warning  The xbasics_type.h file is deprecated and users should use xil_types.h and xil_assert.
  ^
../../standalone_bsp_0/ps7_cortexa9_0/include/xbasic_types.h:125:2: warning: #warning Please refer the Standalone BSP UG647 for further details [-Wcpp]
 #warning  Please refer the Standalone BSP UG647 for further details
  ^
../src/lab2.c: In function 'main':
../src/lab2.c:42:4: error: 'rVaule' undeclared (first use in this function)
    rVaule = 1;//debug用
    ^
../src/lab2.c:42:4: note: each undeclared identifier is reported only once for each function it appears in
../src/lab2.c:33:6: warning: unused variable 'myrand' [-Wunused-variable]
  int myrand[5]={0,1,2,3,4};
      ^
../src/lab2.c:12:6: warning: unused variable 'i' [-Wunused-variable]
  int i;
      ^
make: *** [src/lab2.o] 错误 1
18:28:34 **** Auto Build of configuration Debug for project final3 ****
make all 
'Building file: ../src/lab2.c'
'Invoking: ARM gcc compiler'
arm-xilinx-eabi-gcc -Wall -O0 -g3 -c -fmessage-length=0 -I../../standalone_bsp_0/ps7_cortexa9_0/include -MMD -MP -MF"src/lab2.d" -MT"src/lab2.d" -o "src/lab2.o" "../src/lab2.c"
In file included from ../src/xutil.h:112:0,
                 from ../src/lab2.c:3:
../../standalone_bsp_0/ps7_cortexa9_0/include/xbasic_types.h:124:2: warning: #warning The xbasics_type.h file is deprecated and users should use xil_types.h and xil_assert. [-Wcpp]
 #warning  The xbasics_type.h file is deprecated and users should use xil_types.h and xil_assert.
  ^
../../standalone_bsp_0/ps7_cortexa9_0/include/xbasic_types.h:125:2: warning: #warning Please refer the Standalone BSP UG647 for further details [-Wcpp]
 #warning  Please refer the Standalone BSP UG647 for further details
  ^
../src/lab2.c: In function 'main':
../src/lab2.c:33:6: warning: unused variable 'myrand' [-Wunused-variable]
  int myrand[5]={0,1,2,3,4};
      ^
../src/lab2.c:12:6: warning: unused variable 'i' [-Wunused-variable]
  int i;
      ^
'Finished building: ../src/lab2.c'
' '
'Building target: final3.elf'
'Invoking: ARM gcc linker'
arm-xilinx-eabi-gcc -Wl,-T -Wl,../src/lscript.ld -L../../standalone_bsp_0/ps7_cortexa9_0/lib -o "final3.elf"  ./src/lab2.o   -Wl,--start-group,-lxil,-lgcc,-lc,--end-group
'Finished building target: final3.elf'
' '
'Invoking: ARM Print Size'
arm-xilinx-eabi-size final3.elf  |tee "final3.elf.size"
[...]
In file included from ../src/xutil.h:112:0,
                 from ../src/lab2.c:3:
../../standalone_bsp_0/ps7_cortexa9_0/include/xbasic_types.h:124:2: warning: #warning The xbasics_type.h file is deprecated and users should use xil_types.h and xil_assert. [-Wcpp]
 #warning  The xbasics_type.h file is deprecated and users should use xil_types.h and xil_assert.
  ^
../../standalone_bsp_0/ps7_cortexa9_0/include/xbasic_types.h:125:2: warning: #warning Please refer the Standalone BSP UG647 for further details [-Wcpp]
 #warning  Please refer the Standalone BSP UG647 for further details
  ^
../src/lab2.c: In function 'main':
../src/lab2.c:75:4: warning: implicit declaration of function 'rand' [-Wimplicit-function-declaration]
    rValue = rand()%4;
    ^
../src/lab2.c:128:1: warning: control reaches end of non-void function [-Wreturn-type]
 }
 ^
'Finished building: ../src/lab2.c'
' '
'Building target: final3.elf'
'Invoking: ARM gcc linker'
arm-xilinx-eabi-gcc -Wl,-T -Wl,../src/lscript.ld -L../../standalone_bsp_0/ps7_cortexa9_0/lib -o "final3.elf"  ./src/lab2.o   -Wl,--start-group,-lxil,-lgcc,-lc,--end-group
'Finished building target: final3.elf'
' '
'Invoking: ARM Print Size'
arm-xilinx-eabi-size final3.elf  |tee "final3.elf.size"
   text	   data	    bss	    dec	    hex	filename
  25400	   1184	  29908	  56492	   dcac	final3.elf
'Finished building: final3.elf.size'
' '
10:53:43 **** Incremental Build of configuration Debug for project final3 ****
make all 
make: Nothing to be done for `all'.
10:54:57 **** Incremental Build of configuration Debug for project final3 ****
make all 
make: Nothing to be done for `all'.
10:55:44 **** Auto Build of configuration Debug for project final3 ****
make all 
'Building file: ../src/lab2.c'
'Invoking: ARM gcc compiler'
arm-xilinx-eabi-gcc -Wall -O0 -g3 -c -fmessage-length=0 -I../../standalone_bsp_0/ps7_cortexa9_0/include -MMD -MP -MF"src/lab2.d" -MT"src/lab2.d" -o "src/lab2.o" "../src/lab2.c"
In file included from ../src/xutil.h:112:0,
                 from ../src/lab2.c:3:
../../standalone_bsp_0/ps7_cortexa9_0/include/xbasic_types.h:124:2: warning: #warning The xbasics_type.h file is deprecated and users should use xil_types.h and xil_assert. [-Wcpp]
 #warning  The xbasics_type.h file is deprecated and users should use xil_types.h and xil_assert.
  ^
../../standalone_bsp_0/ps7_cortexa9_0/include/xbasic_types.h:125:2: warning: #warning Please refer the Standalone BSP UG647 for further details [-Wcpp]
 #warning  Please refer the Standalone BSP UG647 for further details
  ^
../src/lab2.c: In function 'main':
../src/lab2.c:75:4: warning: implicit declaration of function 'rand' [-Wimplicit-function-declaration]
    rValue = rand()%4;
    ^
../src/lab2.c:128:1: warning: control reaches end of non-void function [-Wreturn-type]
 }
 ^
'Finished building: ../src/lab2.c'
' '
'Building target: final3.elf'
'Invoking: ARM gcc linker'
arm-xilinx-eabi-gcc -Wl,-T -Wl,../src/lscript.ld -L../../standalone_bsp_0/ps7_cortexa9_0/lib -o "final3.elf"  ./src/lab2.o   -Wl,--start-group,-lxil,-lgcc,-lc,--end-group
'Finished building target: final3.elf'
' '
'Invoking: ARM Print Size'
arm-xilinx-eabi-size final3.elf  |tee "final3.elf.size"
   text	   data	    bss	    dec	    hex	filename
  25400	   1184	  29908	  56492	   dcac	final3.elf
'Finished building: final3.elf.size'
' '
10:56:00 **** Auto Build of configuration Debug for project final3 ****
make all 
'Building file: ../src/lab2.c'
'Invoking: ARM gcc compiler'
arm-xilinx-eabi-gcc -Wall -O0 -g3 -c -fmessage-length=0 -I../../standalone_bsp_0/ps7_cortexa9_0/include -MMD -MP -MF"src/lab2.d" -MT"src/lab2.d" -o "src/lab2.o" "../src/lab2.c"
In file included from ../src/xutil.h:112:0,
                 from ../src/lab2.c:3:
../../standalone_bsp_0/ps7_cortexa9_0/include/xbasic_types.h:124:2: warning: #warning The xbasics_type.h file is deprecated and users should use xil_types.h and xil_assert. [-Wcpp]
 #warning  The xbasics_type.h file is deprecated and users should use xil_types.h and xil_assert.
  ^
../../standalone_bsp_0/ps7_cortexa9_0/include/xbasic_types.h:125:2: warning: #warning Please refer the Standalone BSP UG647 for further details [-Wcpp]
 #warning  Please refer the Standalone BSP UG647 for further details
  ^
../src/lab2.c: In function 'main':
../src/lab2.c:75:4: warning: implicit declaration of function 'rand' [-Wimplicit-function-declaration]
    rValue = rand()%4;
    ^
../src/lab2.c:128:1: warning: control reaches end of non-void function [-Wreturn-type]
 }
 ^
'Finished building: ../src/lab2.c'
' '
'Building target: final3.elf'
'Invoking: ARM gcc linker'
arm-xilinx-eabi-gcc -Wl,-T -Wl,../src/lscript.ld -L../../standalone_bsp_0/ps7_cortexa9_0/lib -o "final3.elf"  ./src/lab2.o   -Wl,--start-group,-lxil,-lgcc,-lc,--end-group
'Finished building target: final3.elf'
' '
'Invoking: ARM Print Size'
arm-xilinx-eabi-size final3.elf  |tee "final3.elf.size"
   text	   data	    bss	    dec	    hex	filename
  25400	   1184	  29908	  56492	   dcac	final3.elf
'Finished building: final3.elf.size'
' '
10:56:48 **** Incremental Build of configuration Debug for project final3 ****
make all 
make: Nothing to be done for `all'.
10:58:27 **** Incremental Build of configuration Debug for project final3 ****
make all 
make: Nothing to be done for `all'.
11:00:32 **** Auto Build of configuration Debug for project final3 ****
make all 
'Building file: ../src/lab2.c'
'Invoking: ARM gcc compiler'
arm-xilinx-eabi-gcc -Wall -O0 -g3 -c -fmessage-length=0 -I../../standalone_bsp_0/ps7_cortexa9_0/include -MMD -MP -MF"src/lab2.d" -MT"src/lab2.d" -o "src/lab2.o" "../src/lab2.c"
In file included from ../src/xutil.h:112:0,
                 from ../src/lab2.c:3:
../../standalone_bsp_0/ps7_cortexa9_0/include/xbasic_types.h:124:2: warning: #warning The xbasics_type.h file is deprecated and users should use xil_types.h and xil_assert. [-Wcpp]
 #warning  The xbasics_type.h file is deprecated and users should use xil_types.h and xil_assert.
  ^
../../standalone_bsp_0/ps7_cortexa9_0/include/xbasic_types.h:125:2: warning: #warning Please refer the Standalone BSP UG647 for further details [-Wcpp]
 #warning  Please refer the Standalone BSP UG647 for further details
  ^
../src/lab2.c: In function 'main':
../src/lab2.c:75:4: warning: implicit declaration of function 'rand' [-Wimplicit-function-declaration]
    rValue = rand()%4;
    ^
../src/lab2.c:128:1: warning: control reaches end of non-void function [-Wreturn-type]
 }
 ^
'Finished building: ../src/lab2.c'
' '
'Building target: final3.elf'
'Invoking: ARM gcc linker'
arm-xilinx-eabi-gcc -Wl,-T -Wl,../src/lscript.ld -L../../standalone_bsp_0/ps7_cortexa9_0/lib -o "final3.elf"  ./src/lab2.o   -Wl,--start-group,-lxil,-lgcc,-lc,--end-group
'Finished building target: final3.elf'
' '
'Invoking: ARM Print Size'
arm-xilinx-eabi-size final3.elf  |tee "final3.elf.size"
   text	   data	    bss	    dec	    hex	filename
  25400	   1184	  29908	  56492	   dcac	final3.elf
'Finished building: final3.elf.size'
' '
11:01:00 **** Auto Build of configuration Debug for project final3 ****
make all 
'Building file: ../src/lab2.c'
'Invoking: ARM gcc compiler'
arm-xilinx-eabi-gcc -Wall -O0 -g3 -c -fmessage-length=0 -I../../standalone_bsp_0/ps7_cortexa9_0/include -MMD -MP -MF"src/lab2.d" -MT"src/lab2.d" -o "src/lab2.o" "../src/lab2.c"
In file included from ../src/xutil.h:112:0,
                 from ../src/lab2.c:3:
../../standalone_bsp_0/ps7_cortexa9_0/include/xbasic_types.h:124:2: warning: #warning The xbasics_type.h file is deprecated and users should use xil_types.h and xil_assert. [-Wcpp]
 #warning  The xbasics_type.h file is deprecated and users should use xil_types.h and xil_assert.
  ^
../../standalone_bsp_0/ps7_cortexa9_0/include/xbasic_types.h:125:2: warning: #warning Please refer the Standalone BSP UG647 for further details [-Wcpp]
 #warning  Please refer the Standalone BSP UG647 for further details
  ^
../src/lab2.c: In function 'main':
../src/lab2.c:75:4: warning: implicit declaration of function 'rand' [-Wimplicit-function-declaration]
    rValue = rand()%4;
    ^
../src/lab2.c:128:1: warning: control reaches end of non-void function [-Wreturn-type]
 }
 ^
'Finished building: ../src/lab2.c'
' '
'Building target: final3.elf'
'Invoking: ARM gcc linker'
arm-xilinx-eabi-gcc -Wl,-T -Wl,../src/lscript.ld -L../../standalone_bsp_0/ps7_cortexa9_0/lib -o "final3.elf"  ./src/lab2.o   -Wl,--start-group,-lxil,-lgcc,-lc,--end-group
'Finished building target: final3.elf'
' '
'Invoking: ARM Print Size'
arm-xilinx-eabi-size final3.elf  |tee "final3.elf.size"
   text	   data	    bss	    dec	    hex	filename
  25400	   1184	  29908	  56492	   dcac	final3.elf
'Finished building: final3.elf.size'
' '
11:01:44 **** Incremental Build of configuration Debug for project final3 ****
make all 
make: Nothing to be done for `all'.
11:02:55 **** Incremental Build of configuration Debug for project final3 ****
make all 
make: Nothing to be done for `all'.
11:04:12 **** Auto Build of configuration Debug for project final3 ****
make all 
'Building file: ../src/lab2.c'
'Invoking: ARM gcc compiler'
arm-xilinx-eabi-gcc -Wall -O0 -g3 -c -fmessage-length=0 -I../../standalone_bsp_0/ps7_cortexa9_0/include -MMD -MP -MF"src/lab2.d" -MT"src/lab2.d" -o "src/lab2.o" "../src/lab2.c"
In file included from ../src/xutil.h:112:0,
                 from ../src/lab2.c:3:
../../standalone_bsp_0/ps7_cortexa9_0/include/xbasic_types.h:124:2: warning: #warning The xbasics_type.h file is deprecated and users should use xil_types.h and xil_assert. [-Wcpp]
 #warning  The xbasics_type.h file is deprecated and users should use xil_types.h and xil_assert.
  ^
../../standalone_bsp_0/ps7_cortexa9_0/include/xbasic_types.h:125:2: warning: #warning Please refer the Standalone BSP UG647 for further details [-Wcpp]
 #warning  Please refer the Standalone BSP UG647 for further details
  ^
../src/lab2.c: In function 'main':
../src/lab2.c:75:4: warning: implicit declaration of function 'rand' [-Wimplicit-function-declaration]
    rValue = rand()%4;
    ^
../src/lab2.c:128:1: warning: control reaches end of non-void function [-Wreturn-type]
 }
 ^
'Finished building: ../src/lab2.c'
' '
'Building target: final3.elf'
'Invoking: ARM gcc linker'
arm-xilinx-eabi-gcc -Wl,-T -Wl,../src/lscript.ld -L../../standalone_bsp_0/ps7_cortexa9_0/lib -o "final3.elf"  ./src/lab2.o   -Wl,--start-group,-lxil,-lgcc,-lc,--end-group
'Finished building target: final3.elf'
' '
'Invoking: ARM Print Size'
arm-xilinx-eabi-size final3.elf  |tee "final3.elf.size"
   text	   data	    bss	    dec	    hex	filename
  25396	   1184	  29908	  56488	   dca8	final3.elf
'Finished building: final3.elf.size'
' '
11:05:04 **** Incremental Build of configuration Debug for project final3 ****
make all 
make: Nothing to be done for `all'.
11:07:28 **** Incremental Build of configuration Debug for project final3 ****
make all 
make: Nothing to be done for `all'.
11:09:40 **** Auto Build of configuration Debug for project final3 ****
make all 
'Building file: ../src/lab2.c'
'Invoking: ARM gcc compiler'
arm-xilinx-eabi-gcc -Wall -O0 -g3 -c -fmessage-length=0 -I../../standalone_bsp_0/ps7_cortexa9_0/include -MMD -MP -MF"src/lab2.d" -MT"src/lab2.d" -o "src/lab2.o" "../src/lab2.c"
In file included from ../src/xutil.h:112:0,
                 from ../src/lab2.c:3:
../../standalone_bsp_0/ps7_cortexa9_0/include/xbasic_types.h:124:2: warning: #warning The xbasics_type.h file is deprecated and users should use xil_types.h and xil_assert. [-Wcpp]
 #warning  The xbasics_type.h file is deprecated and users should use xil_types.h and xil_assert.
  ^
../../standalone_bsp_0/ps7_cortexa9_0/include/xbasic_types.h:125:2: warning: #warning Please refer the Standalone BSP UG647 for further details [-Wcpp]
 #warning  Please refer the Standalone BSP UG647 for further details
  ^
../src/lab2.c: In function 'main':
../src/lab2.c:51:3: warning: implicit declaration of function 'rand' [-Wimplicit-function-declaration]
   rValue=rand()%4;
   ^
'Finished building: ../src/lab2.c'
' '
'Building target: final3.elf'
'Invoking: ARM gcc linker'
arm-xilinx-eabi-gcc -Wl,-T -Wl,../src/lscript.ld -L../../standalone_bsp_0/ps7_cortexa9_0/lib -o "final3.elf"  ./src/lab2.o   -Wl,--start-group,-lxil,-lgcc,-lc,--end-group
'Finished building target: final3.elf'
' '
'Invoking: ARM Print Size'
arm-xilinx-eabi-size final3.elf  |tee "final3.elf.size"
   text	   data	    bss	    dec	    hex	filename
  24664	   1184	  29860	  55708	   d99c	final3.elf
'Finished building: final3.elf.size'
' '
11:10:49 **** Incremental Build of configuration Debug for project final3 ****
make all 
make: Nothing to be done for `all'.
11:11:46 **** Incremental Build of configuration Debug for project final3 ****
make all 
make: Nothing to be done for `all'.
11:12:53 **** Auto Build of configuration Debug for project final3 ****
make all 
'Building file: ../src/lab2.c'
'Invoking: ARM gcc compiler'
arm-xilinx-eabi-gcc -Wall -O0 -g3 -c -fmessage-length=0 -I../../standalone_bsp_0/ps7_cortexa9_0/include -MMD -MP -MF"src/lab2.d" -MT"src/lab2.d" -o "src/lab2.o" "../src/lab2.c"
In file included from ../src/xutil.h:112:0,
                 from ../src/lab2.c:3:
../../standalone_bsp_0/ps7_cortexa9_0/include/xbasic_types.h:124:2: warning: #warning The xbasics_type.h file is deprecated and users should use xil_types.h and xil_assert. [-Wcpp]
 #warning  The xbasics_type.h file is deprecated and users should use xil_types.h and xil_assert.
  ^
../../standalone_bsp_0/ps7_cortexa9_0/include/xbasic_types.h:125:2: warning: #warning Please refer the Standalone BSP UG647 for further details [-Wcpp]
 #warning  Please refer the Standalone BSP UG647 for further details
  ^
../src/lab2.c: In function 'main':
../src/lab2.c:51:3: warning: implicit declaration of function 'rand' [-Wimplicit-function-declaration]
   rValue=rand()%4;
   ^
../src/lab2.c:59:3: error: expected ';' before 'if'
   if (psb_check==(1<<rValue)) {
   ^
make: *** [src/lab2.o] 错误 1
11:13:45 **** Auto Build of configuration Debug for project final3 ****
make all 
'Building file: ../src/lab2.c'
'Invoking: ARM gcc compiler'
arm-xilinx-eabi-gcc -Wall -O0 -g3 -c -fmessage-length=0 -I../../standalone_bsp_0/ps7_cortexa9_0/include -MMD -MP -MF"src/lab2.d" -MT"src/lab2.d" -o "src/lab2.o" "../src/lab2.c"
In file included from ../src/xutil.h:112:0,
                 from ../src/lab2.c:3:
../../standalone_bsp_0/ps7_cortexa9_0/include/xbasic_types.h:124:2: warning: #warning The xbasics_type.h file is deprecated and users should use xil_types.h and xil_assert. [-Wcpp]
 #warning  The xbasics_type.h file is deprecated and users should use xil_types.h and xil_assert.
  ^
../../standalone_bsp_0/ps7_cortexa9_0/include/xbasic_types.h:125:2: warning: #warning Please refer the Standalone BSP UG647 for further details [-Wcpp]
 #warning  Please refer the Standalone BSP UG647 for further details
  ^
../src/lab2.c: In function 'main':
../src/lab2.c:51:3: warning: implicit declaration of function 'rand' [-Wimplicit-function-declaration]
   rValue=rand()%4;
   ^
'Finished building: ../src/lab2.c'
' '
'Building target: final3.elf'
'Invoking: ARM gcc linker'
arm-xilinx-eabi-gcc -Wl,-T -Wl,../src/lscript.ld -L../../standalone_bsp_0/ps7_cortexa9_0/lib -o "final3.elf"  ./src/lab2.o   -Wl,--start-group,-lxil,-lgcc,-lc,--end-group
'Finished building target: final3.elf'
' '
'Invoking: ARM Print Size'
arm-xilinx-eabi-size final3.elf  |tee "final3.elf.size"
   text	   data	    bss	    dec	    hex	filename
  24756	   1184	  29860	  55800	   d9f8	final3.elf
'Finished building: final3.elf.size'
' '
11:14:37 **** Incremental Build of configuration Debug for project final3 ****
make all 
make: Nothing to be done for `all'.
11:16:18 **** Auto Build of configuration Debug for project final3 ****
make all 
'Building file: ../src/lab2.c'
'Invoking: ARM gcc compiler'
arm-xilinx-eabi-gcc -Wall -O0 -g3 -c -fmessage-length=0 -I../../standalone_bsp_0/ps7_cortexa9_0/include -MMD -MP -MF"src/lab2.d" -MT"src/lab2.d" -o "src/lab2.o" "../src/lab2.c"
In file included from ../src/xutil.h:112:0,
                 from ../src/lab2.c:3:
../../standalone_bsp_0/ps7_cortexa9_0/include/xbasic_types.h:124:2: warning: #warning The xbasics_type.h file is deprecated and users should use xil_types.h and xil_assert. [-Wcpp]
 #warning  The xbasics_type.h file is deprecated and users should use xil_types.h and xil_assert.
  ^
../../standalone_bsp_0/ps7_cortexa9_0/include/xbasic_types.h:125:2: warning: #warning Please refer the Standalone BSP UG647 for further details [-Wcpp]
 #warning  Please refer the Standalone BSP UG647 for further details
  ^
../src/lab2.c: In function 'main':
../src/lab2.c:51:3: warning: implicit declaration of function 'rand' [-Wimplicit-function-declaration]
   rValue=rand()%4;
   ^
'Finished building: ../src/lab2.c'
' '
'Building target: final3.elf'
'Invoking: ARM gcc linker'
arm-xilinx-eabi-gcc -Wl,-T -Wl,../src/lscript.ld -L../../standalone_bsp_0/ps7_cortexa9_0/lib -o "final3.elf"  ./src/lab2.o   -Wl,--start-group,-lxil,-lgcc,-lc,--end-group
'Finished building target: final3.elf'
' '
'Invoking: ARM Print Size'
arm-xilinx-eabi-size final3.elf  |tee "final3.elf.size"
   text	   data	    bss	    dec	    hex	filename
  24740	   1184	  29860	  55784	   d9e8	final3.elf
'Finished building: final3.elf.size'
' '
11:16:45 **** Incremental Build of configuration Debug for project final3 ****
make all 
make: Nothing to be done for `all'.
11:17:32 **** Auto Build of configuration Debug for project final3 ****
make all 
'Building file: ../src/lab2.c'
'Invoking: ARM gcc compiler'
arm-xilinx-eabi-gcc -Wall -O0 -g3 -c -fmessage-length=0 -I../../standalone_bsp_0/ps7_cortexa9_0/include -MMD -MP -MF"src/lab2.d" -MT"src/lab2.d" -o "src/lab2.o" "../src/lab2.c"
In file included from ../src/xutil.h:112:0,
                 from ../src/lab2.c:3:
../../standalone_bsp_0/ps7_cortexa9_0/include/xbasic_types.h:124:2: warning: #warning The xbasics_type.h file is deprecated and users should use xil_types.h and xil_assert. [-Wcpp]
 #warning  The xbasics_type.h file is deprecated and users should use xil_types.h and xil_assert.
  ^
../../standalone_bsp_0/ps7_cortexa9_0/include/xbasic_types.h:125:2: warning: #warning Please refer the Standalone BSP UG647 for further details [-Wcpp]
 #warning  Please refer the Standalone BSP UG647 for further details
  ^
../src/lab2.c: In function 'main':
../src/lab2.c:51:3: warning: implicit declaration of function 'rand' [-Wimplicit-function-declaration]
   rValue=rand()%4;
   ^
'Finished building: ../src/lab2.c'
' '
'Building target: final3.elf'
'Invoking: ARM gcc linker'
arm-xilinx-eabi-gcc -Wl,-T -Wl,../src/lscript.ld -L../../standalone_bsp_0/ps7_cortexa9_0/lib -o "final3.elf"  ./src/lab2.o   -Wl,--start-group,-lxil,-lgcc,-lc,--end-group
'Finished building target: final3.elf'
' '
'Invoking: ARM Print Size'
arm-xilinx-eabi-size final3.elf  |tee "final3.elf.size"
   text	   data	    bss	    dec	    hex	filename
  24756	   1184	  29860	  55800	   d9f8	final3.elf
'Finished building: final3.elf.size'
' '
11:18:36 **** Incremental Build of configuration Debug for project final3 ****
make all 
make: Nothing to be done for `all'.
21:57:08 **** Incremental Build of configuration Debug for project final3 ****
make all 
make: Nothing to be done for `all'.
21:58:02 **** Incremental Build of configuration Debug for project final3 ****
make all 
make: Nothing to be done for `all'.
21:58:48 **** Incremental Build of configuration Debug for project final3 ****
make all 
make: Nothing to be done for `all'.
23:51:16 **** Incremental Build of configuration Debug for project final3 ****
make all 
make: Nothing to be done for `all'.
19:50:40 **** Incremental Build of configuration Debug for project final3 ****
make all 
make: Nothing to be done for `all'.
19:51:46 **** Incremental Build of configuration Debug for project final3 ****
make all 
make: Nothing to be done for `all'.
